Archive member included to satisfy reference by file (symbol)

C:/ST/STM32CubeIDE_1.15.0/STM32CubeIDE/plugins/com.st.stm32cube.ide.mcu.externaltools.gnu-tools-for-stm32.12.3.rel1.win32_1.1.0.202410251130/tools/bin/../lib/gcc/arm-none-eabi/12.3.1/../../../../arm-none-eabi/lib/thumb/v7e-m+fp/hard\libc_nano.a(libc_a-exit.o)
                              C:/ST/STM32CubeIDE_1.15.0/STM32CubeIDE/plugins/com.st.stm32cube.ide.mcu.externaltools.gnu-tools-for-stm32.12.3.rel1.win32_1.1.0.202410251130/tools/bin/../lib/gcc/arm-none-eabi/12.3.1/../../../../arm-none-eabi/lib/thumb/v7e-m+fp/hard/crt0.o (exit)
C:/ST/STM32CubeIDE_1.15.0/STM32CubeIDE/plugins/com.st.stm32cube.ide.mcu.externaltools.gnu-tools-for-stm32.12.3.rel1.win32_1.1.0.202410251130/tools/bin/../lib/gcc/arm-none-eabi/12.3.1/../../../../arm-none-eabi/lib/thumb/v7e-m+fp/hard\libc_nano.a(libc_a-findfp.o)
                              C:/ST/STM32CubeIDE_1.15.0/STM32CubeIDE/plugins/com.st.stm32cube.ide.mcu.externaltools.gnu-tools-for-stm32.12.3.rel1.win32_1.1.0.202410251130/tools/bin/../lib/gcc/arm-none-eabi/12.3.1/../../../../arm-none-eabi/lib/thumb/v7e-m+fp/hard\libc_nano.a(libc_a-exit.o) (__stdio_exit_handler)
C:/ST/STM32CubeIDE_1.15.0/STM32CubeIDE/plugins/com.st.stm32cube.ide.mcu.externaltools.gnu-tools-for-stm32.12.3.rel1.win32_1.1.0.202410251130/tools/bin/../lib/gcc/arm-none-eabi/12.3.1/../../../../arm-none-eabi/lib/thumb/v7e-m+fp/hard\libc_nano.a(libc_a-fwalk.o)
                              C:/ST/STM32CubeIDE_1.15.0/STM32CubeIDE/plugins/com.st.stm32cube.ide.mcu.externaltools.gnu-tools-for-stm32.12.3.rel1.win32_1.1.0.202410251130/tools/bin/../lib/gcc/arm-none-eabi/12.3.1/../../../../arm-none-eabi/lib/thumb/v7e-m+fp/hard\libc_nano.a(libc_a-findfp.o) (_fwalk_sglue)
C:/ST/STM32CubeIDE_1.15.0/STM32CubeIDE/plugins/com.st.stm32cube.ide.mcu.externaltools.gnu-tools-for-stm32.12.3.rel1.win32_1.1.0.202410251130/tools/bin/../lib/gcc/arm-none-eabi/12.3.1/../../../../arm-none-eabi/lib/thumb/v7e-m+fp/hard\libc_nano.a(libc_a-printf.o)
                              ./Core/Src/ov7670.o (printf)
C:/ST/STM32CubeIDE_1.15.0/STM32CubeIDE/plugins/com.st.stm32cube.ide.mcu.externaltools.gnu-tools-for-stm32.12.3.rel1.win32_1.1.0.202410251130/tools/bin/../lib/gcc/arm-none-eabi/12.3.1/../../../../arm-none-eabi/lib/thumb/v7e-m+fp/hard\libc_nano.a(libc_a-stdio.o)
                              C:/ST/STM32CubeIDE_1.15.0/STM32CubeIDE/plugins/com.st.stm32cube.ide.mcu.externaltools.gnu-tools-for-stm32.12.3.rel1.win32_1.1.0.202410251130/tools/bin/../lib/gcc/arm-none-eabi/12.3.1/../../../../arm-none-eabi/lib/thumb/v7e-m+fp/hard\libc_nano.a(libc_a-findfp.o) (__sread)
C:/ST/STM32CubeIDE_1.15.0/STM32CubeIDE/plugins/com.st.stm32cube.ide.mcu.externaltools.gnu-tools-for-stm32.12.3.rel1.win32_1.1.0.202410251130/tools/bin/../lib/gcc/arm-none-eabi/12.3.1/../../../../arm-none-eabi/lib/thumb/v7e-m+fp/hard\libc_nano.a(libc_a-memset.o)
                              C:/ST/STM32CubeIDE_1.15.0/STM32CubeIDE/plugins/com.st.stm32cube.ide.mcu.externaltools.gnu-tools-for-stm32.12.3.rel1.win32_1.1.0.202410251130/tools/bin/../lib/gcc/arm-none-eabi/12.3.1/../../../../arm-none-eabi/lib/thumb/v7e-m+fp/hard/crt0.o (memset)
C:/ST/STM32CubeIDE_1.15.0/STM32CubeIDE/plugins/com.st.stm32cube.ide.mcu.externaltools.gnu-tools-for-stm32.12.3.rel1.win32_1.1.0.202410251130/tools/bin/../lib/gcc/arm-none-eabi/12.3.1/../../../../arm-none-eabi/lib/thumb/v7e-m+fp/hard\libc_nano.a(libc_a-closer.o)
                              C:/ST/STM32CubeIDE_1.15.0/STM32CubeIDE/plugins/com.st.stm32cube.ide.mcu.externaltools.gnu-tools-for-stm32.12.3.rel1.win32_1.1.0.202410251130/tools/bin/../lib/gcc/arm-none-eabi/12.3.1/../../../../arm-none-eabi/lib/thumb/v7e-m+fp/hard\libc_nano.a(libc_a-stdio.o) (_close_r)
C:/ST/STM32CubeIDE_1.15.0/STM32CubeIDE/plugins/com.st.stm32cube.ide.mcu.externaltools.gnu-tools-for-stm32.12.3.rel1.win32_1.1.0.202410251130/tools/bin/../lib/gcc/arm-none-eabi/12.3.1/../../../../arm-none-eabi/lib/thumb/v7e-m+fp/hard\libc_nano.a(libc_a-reent.o)
                              C:/ST/STM32CubeIDE_1.15.0/STM32CubeIDE/plugins/com.st.stm32cube.ide.mcu.externaltools.gnu-tools-for-stm32.12.3.rel1.win32_1.1.0.202410251130/tools/bin/../lib/gcc/arm-none-eabi/12.3.1/../../../../arm-none-eabi/lib/thumb/v7e-m+fp/hard\libc_nano.a(libc_a-closer.o) (errno)
C:/ST/STM32CubeIDE_1.15.0/STM32CubeIDE/plugins/com.st.stm32cube.ide.mcu.externaltools.gnu-tools-for-stm32.12.3.rel1.win32_1.1.0.202410251130/tools/bin/../lib/gcc/arm-none-eabi/12.3.1/../../../../arm-none-eabi/lib/thumb/v7e-m+fp/hard\libc_nano.a(libc_a-impure.o)
                              C:/ST/STM32CubeIDE_1.15.0/STM32CubeIDE/plugins/com.st.stm32cube.ide.mcu.externaltools.gnu-tools-for-stm32.12.3.rel1.win32_1.1.0.202410251130/tools/bin/../lib/gcc/arm-none-eabi/12.3.1/../../../../arm-none-eabi/lib/thumb/v7e-m+fp/hard\libc_nano.a(libc_a-printf.o) (_impure_ptr)
[...]
Memory Configuration

Name             Origin             Length             Attributes
RAM              0x20000000         0x00020000         xrw
FLASH            0x08000000         0x00080000         xr
*default*        0x00000000         0xffffffff

Linker script and memory map

LOAD C:/ST/STM32CubeIDE_1.15.0/STM32CubeIDE/plugins/com.st.stm32cube.ide.mcu.externaltools.gnu-tools-for-stm32.12.3.rel1.win32_1.1.0.202410251130/tools/bin/../lib/gcc/arm-none-eabi/12.3.1/thumb/v7e-m+fp/hard/crti.o
LOAD C:/ST/STM32CubeIDE_1.15.0/STM32CubeIDE/plugins/com.st.stm32cube.ide.mcu.externaltools.gnu-tools-for-stm32.12.3.rel1.win32_1.1.0.202410251130/tools/bin/../lib/gcc/arm-none-eabi/12.3.1/thumb/v7e-m+fp/hard/crtbegin.o
LOAD C:/ST/STM32CubeIDE_1.15.0/STM32CubeIDE/plugins/com.st.stm32cube.ide.mcu.externaltools.gnu-tools-for-stm32.12.3.rel1.win32_1.1.0.202410251130/tools/bin/../lib/gcc/arm-none-eabi/12.3.1/../../../../arm-none-eabi/lib/thumb/v7e-m+fp/hard/crt0.o
LOAD ./Core/Src/dcmi.o
LOAD ./Core/Src/dma.o
LOAD ./Core/Src/gpio.o
LOAD ./Core/Src/i2c.o
LOAD ./Core/Src/main.o
LOAD ./Core/Src/ov7670.o
LOAD ./Core/Src/stm32f4xx_hal_msp.o
LOAD ./Core/Src/stm32f4xx_it.o
LOAD ./Core/Src/syscalls.o
LOAD ./Core/Src/sysmem.o
LOAD ./Core/Src/system_stm32f4xx.o
LOAD ./Core/Src/usart.o
LOAD ./Core/Startup/startup_stm32f446retx.o
LOAD ./Drivers/STM32F4xx_HAL_Driver/Src/stm32f4xx_hal.o
LOAD ./Drivers/STM32F4xx_HAL_Driver/Src/stm32f4xx_hal_cortex.o
LOAD ./Drivers/STM32F4xx_HAL_Driver/Src/stm32f4xx_hal_dcmi.o
LOAD ./Drivers/STM32F4xx_HAL_Driver/Src/stm32f4xx_hal_dcmi_ex.o
LOAD ./Drivers/STM32F4xx_HAL_Driver/Src/stm32f4xx_hal_dma.o
LOAD ./Drivers/STM32F4xx_HAL_Driver/Src/stm32f4xx_hal_dma_ex.o
LOAD ./Drivers/STM32F4xx_HAL_Driver/Src/stm32f4xx_hal_exti.o
LOAD ./Drivers/STM32F4xx_HAL_Driver/Src/stm32f4xx_hal_flash.o
LOAD ./Drivers/STM32F4xx_HAL_Driver/Src/stm32f4xx_hal_flash_ex.o
LOAD ./Drivers/STM32F4xx_HAL_Driver/Src/stm32f4xx_hal_flash_ramfunc.o
LOAD ./Drivers/STM32F4xx_HAL_Driver/Src/stm32f4xx_hal_gpio.o
LOAD ./Drivers/STM32F4xx_HAL_Driver/Src/stm32f4xx_hal_i2c.o
LOAD ./Drivers/STM32F4xx_HAL_Driver/Src/stm32f4xx_hal_i2c_ex.o
LOAD ./Drivers/STM32F4xx_HAL_Driver/Src/stm32f4xx_hal_pwr.o
LOAD ./Drivers/STM32F4xx_HAL_Driver/Src/stm32f4xx_hal_pwr_ex.o
LOAD ./Drivers/STM32F4xx_HAL_Driver/Src/stm32f4xx_hal_rcc.o
LOAD ./Drivers/STM32F4xx_HAL_Driver/Src/stm32f4xx_hal_rcc_ex.o
LOAD ./Drivers/STM32F4xx_HAL_Driver/Src/stm32f4xx_hal_uart.o
START GROUP
LOAD C:/ST/STM32CubeIDE_1.15.0/STM32CubeIDE/plugins/com.st.stm32cube.ide.mcu.externaltools.gnu-tools-for-stm32.12.3.rel1.win32_1.1.0.202410251130/tools/bin/../lib/gcc/arm-none-eabi/12.3.1/../../../../arm-none-eabi/lib/thumb/v7e-m+fp/hard\libc_nano.a
LOAD C:/ST/STM32CubeIDE_1.15.0/STM32CubeIDE/plugins/com.st.stm32cube.ide.mcu.externaltools.gnu-tools-for-stm32.12.3.rel1.win32_1.1.0.202410251130/tools/bin/../lib/gcc/arm-none-eabi/12.3.1/../../../../arm-none-eabi/lib/thumb/v7e-m+fp/hard\libm.a
END GROUP
START GROUP
LOAD C:/ST/STM32CubeIDE_1.15.0/STM32CubeIDE/plugins/com.st.stm32cube.ide.mcu.externaltools.gnu-tools-for-stm32.12.3.rel1.win32_1.1.0.202410251130/tools/bin/../lib/gcc/arm-none-eabi/12.3.1/thumb/v7e-m+fp/hard\libgcc.a
LOAD C:/ST/STM32CubeIDE_1.15.0/STM32CubeIDE/plugins/com.st.stm32cube.ide.mcu.externaltools.gnu-tools-for-stm32.12.3.rel1.win32_1.1.0.202410251130/tools/bin/../lib/gcc/arm-none-eabi/12.3.1/../../../../arm-none-eabi/lib/thumb/v7e-m+fp/hard\libc_nano.a
END GROUP
START GROUP
LOAD C:/ST/STM32CubeIDE_1.15.0/STM32CubeIDE/plugins/com.st.stm32cube.ide.mcu.externaltools.gnu-tools-for-stm32.12.3.rel1.win32_1.1.0.202410251130/tools/bin/../lib/gcc/arm-none-eabi/12.3.1/thumb/v7e-m+fp/hard\libgcc.a
LOAD C:/ST/STM32CubeIDE_1.15.0/STM32CubeIDE/plugins/com.st.stm32cube.ide.mcu.externaltools.gnu-tools-for-stm32.12.3.rel1.win32_1.1.0.202410251130/tools/bin/../lib/gcc/arm-none-eabi/12.3.1/../../../../arm-none-eabi/lib/thumb/v7e-m+fp/hard\libc_nano.a
LOAD C:/ST/STM32CubeIDE_1.15.0/STM32CubeIDE/plugins/com.st.stm32cube.ide.mcu.externaltools.gnu-tools-for-stm32.12.3.rel1.win32_1.1.0.202410251130/tools/bin/../lib/gcc/arm-none-eabi/12.3.1/../../../../arm-none-eabi/lib/thumb/v7e-m+fp/hard\libnosys.a
END GROUP
START GROUP
LOAD C:/ST/STM32CubeIDE_1.15.0/STM32CubeIDE/plugins/com.st.stm32cube.ide.mcu.externaltools.gnu-tools-for-stm32.12.3.rel1.win32_1.1.0.202410251130/tools/bin/../lib/gcc/arm-none-eabi/12.3.1/thumb/v7e-m+fp/hard\libgcc.a
LOAD C:/ST/STM32CubeIDE_1.15.0/STM32CubeIDE/plugins/com.st.stm32cube.ide.mcu.externaltools.gnu-tools-for-stm32.12.3.rel1.win32_1.1.0.202410251130/tools/bin/../lib/gcc/arm-none-eabi/12.3.1/../../../../arm-none-eabi/lib/thumb/v7e-m+fp/hard\libc_nano.a
LOAD C:/ST/STM32CubeIDE_1.15.0/STM32CubeIDE/plugins/com.st.stm32cube.ide.mcu.externaltools.gnu-tools-for-stm32.12.3.rel1.win32_1.1.0.202410251130/tools/bin/../lib/gcc/arm-none-eabi/12.3.1/../../../../arm-none-eabi/lib/thumb/v7e-m+fp/hard\libnosys.a
END GROUP
LOAD C:/ST/STM32CubeIDE_1.15.0/STM32CubeIDE/plugins/com.st.stm32cube.ide.mcu.externaltools.gnu-tools-for-stm32.12.3.rel1.win32_1.1.0.202410251130/tools/bin/../lib/gcc/arm-none-eabi/12.3.1/thumb/v7e-m+fp/hard/crtend.o
LOAD C:/ST/STM32CubeIDE_1.15.0/STM32CubeIDE/plugins/com.st.stm32cube.ide.mcu.externaltools.gnu-tools-for-stm32.12.3.rel1.win32_1.1.0.202410251130/tools/bin/../lib/gcc/arm-none-eabi/12.3.1/thumb/v7e-m+fp/hard/crtn.o
                0x20020000                        _estack = (ORIGIN (RAM) + LENGTH (RAM))
                0x00000200                        _Min_Heap_Size = 0x200
                0x00000400                        _Min_Stack_Size = 0x400

.isr_vector     0x08000000      0x1c4
                0x08000000                        . = ALIGN (0x4)
 *(.isr_vector)
 .isr_vector    0x08000000      0x1c4 ./Core/Startup/startup_stm32f446retx.o
                0x08000000                g_pfnVectors
                0x080001c4                        . = ALIGN (0x4)

.text           0x080001d0     0x6a74
                0x080001d0                        . = ALIGN (0x4)
 *(.text)
 .text          0x080001d0       0x40 C:/ST/STM32CubeIDE_1.15.0/STM32CubeIDE/plugins/com.st.stm32cube.ide.mcu.externaltools.gnu-tools-for-stm32.12.3.rel1.win32_1.1.0.202410251130/tools/bin/../lib/gcc/arm-none-eabi/12.3.1/thumb/v7e-m+fp/hard/crtbegin.o
 .text          0x08000210       0xa0 C:/ST/STM32CubeIDE_1.15.0/STM32CubeIDE/plugins/com.st.stm32cube.ide.mcu.externaltools.gnu-tools-for-stm32.12.3.rel1.win32_1.1.0.202410251130/tools/bin/../lib/gcc/arm-none-eabi/12.3.1/../../../../arm-none-eabi/lib/thumb/v7e-m+fp/hard\libc_nano.a(libc_a-memchr.o)
                0x08000210                memchr
 .text          0x080002b0       0x30 C:/ST/STM32CubeIDE_1.15.0/STM32CubeIDE/plugins/com.st.stm32cube.ide.mcu.externaltools.gnu-tools-for-stm32.12.3.rel1.win32_1.1.0.202410251130/tools/bin/../lib/gcc/arm-none-eabi/12.3.1/thumb/v7e-m+fp/hard\libgcc.a(_aeabi_uldivmod.o)
                0x080002b0                __aeabi_uldivmod
 .text          0x080002e0      0x2bc C:/ST/STM32CubeIDE_1.15.0/STM32CubeIDE/plugins/com.st.stm32cube.ide.mcu.externaltools.gnu-tools-for-stm32.12.3.rel1.win32_1.1.0.202410251130/tools/bin/../lib/gcc/arm-none-eabi/12.3.1/thumb/v7e-m+fp/hard\libgcc.a(_udivmoddi4.o)
                0x080002e0                __udivmoddi4
 .text          0x0800059c        0x4 C:/ST/STM32CubeIDE_1.15.0/STM32CubeIDE/plugins/com.st.stm32cube.ide.mcu.externaltools.gnu-tools-for-stm32.12.3.rel1.win32_1.1.0.202410251130/tools/bin/../lib/gcc/arm-none-eabi/12.3.1/thumb/v7e-m+fp/hard\libgcc.a(_dvmd_tls.o)
                0x0800059c                __aeabi_idiv0
                0x0800059c                __aeabi_ldiv0
 *(.text*)
 .text.MX_DCMI_Init
                0x080005a0       0x68 ./Core/Src/dcmi.o
                0x080005a0                MX_DCMI_Init
 .text.HAL_DCMI_MspInit
                0x08000608      0x18c ./Core/Src/dcmi.o
                0x08000608                HAL_DCMI_MspInit
 .text.MX_DMA_Init
                0x08000794       0x40 ./Core/Src/dma.o
                0x08000794                MX_DMA_Init
 .text.MX_GPIO_Init
                0x080007d4      0x12c ./Core/Src/gpio.o
                0x080007d4                MX_GPIO_Init
 .text.MX_I2C2_Init
                0x08000900       0x5c ./Core/Src/i2c.o
                0x08000900                MX_I2C2_Init
 .text.HAL_I2C_MspInit
                0x0800095c       0xd4 ./Core/Src/i2c.o
                0x0800095c                HAL_I2C_MspInit
 .text.main     0x08000a30       0x98 ./Core/Src/main.o
                0x08000a30                main
 .text.SystemClock_Config
                0x08000ac8       0xe4 ./Core/Src/main.o
                0x08000ac8                SystemClock_Config
 .text.Error_Handler
                0x08000bac        0xc ./Core/Src/main.o
                0x08000bac                Error_Handler
 .text.ov7670_init
                0x08000bb8       0x90 ./Core/Src/ov7670.o
                0x08000bb8                ov7670_init
 .text.ov7670_config
                0x08000c48       0x60 ./Core/Src/ov7670.o
                0x08000c48                ov7670_config
 .text.ov7670_stopCap
                0x08000ca8       0x18 ./Core/Src/ov7670.o
                0x08000ca8                ov7670_stopCap
 .text.HAL_DCMI_FrameEventCallback
                0x08000cc0       0x64 ./Core/Src/ov7670.o
                0x08000cc0                HAL_DCMI_FrameEventCallback
 .text.HAL_DCMI_VsyncEventCallback
                0x08000d24       0x14 ./Core/Src/ov7670.o
                0x08000d24                HAL_DCMI_VsyncEventCallback
 .text.ov7670_write
                0x08000d38       0x40 ./Core/Src/ov7670.o
 .text.ov7670_read
                0x08000d78       0x4c ./Core/Src/ov7670.o
 .text.HAL_MspInit
                0x08000dc4       0x50 ./Core/Src/stm32f4xx_hal_msp.o
                0x08000dc4                HAL_MspInit
 .text.NMI_Handler
                0x08000e14        0x8 ./Core/Src/stm32f4xx_it.o
                0x08000e14                NMI_Handler
 .text.HardFault_Handler
                0x08000e1c        0x8 ./Core/Src/stm32f4xx_it.o
                0x08000e1c                HardFault_Handler
 .text.MemManage_Handler
                0x08000e24        0x8 ./Core/Src/stm32f4xx_it.o
                0x08000e24                MemManage_Handler
 .text.BusFault_Handler
                0x08000e2c        0x8 ./Core/Src/stm32f4xx_it.o
                0x08000e2c                BusFault_Handler
 .text.UsageFault_Handler
                0x08000e34        0x8 ./Core/Src/stm32f4xx_it.o
                0x08000e34                UsageFault_Handler
 .text.SVC_Handler
                0x08000e3c        0xe ./Core/Src/stm32f4xx_it.o
                0x08000e3c                SVC_Handler
 .text.DebugMon_Handler
                0x08000e4a        0xe ./Core/Src/stm32f4xx_it.o
                0x08000e4a                DebugMon_Handler
 .text.PendSV_Handler
                0x08000e58        0xe ./Core/Src/stm32f4xx_it.o
                0x08000e58                PendSV_Handler
 .text.SysTick_Handler
                0x08000e66        0xc ./Core/Src/stm32f4xx_it.o
                0x08000e66                SysTick_Handler
 *fill*         0x08000e72        0x2 
 .text.DMA2_Stream1_IRQHandler
                0x08000e74       0x14 ./Core/Src/stm32f4xx_it.o
                0x08000e74                DMA2_Stream1_IRQHandler
 .text.DCMI_IRQHandler
                0x08000e88       0x14 ./Core/Src/stm32f4xx_it.o
                0x08000e88                DCMI_IRQHandler
 .text._read    0x08000e9c       0x3a ./Core/Src/syscalls.o
                0x08000e9c                _read
 .text._write   0x08000ed6       0x38 ./Core/Src/syscalls.o
                0x08000ed6                _write
 .text._close   0x08000f0e       0x18 ./Core/Src/syscalls.o
                0x08000f0e                _close
 .text._fstat   0x08000f26       0x20 ./Core/Src/syscalls.o
                0x08000f26                _fstat
 .text._isatty  0x08000f46       0x16 ./Core/Src/syscalls.o
                0x08000f46                _isatty
 .text._lseek   0x08000f5c       0x1a ./Core/Src/syscalls.o
                0x08000f5c                _lseek
 *fill*         0x08000f76        0x2 
 .text._sbrk    0x08000f78       0x6c ./Core/Src/sysmem.o
                0x08000f78                _sbrk
 .text.SystemInit
                0x08000fe4       0x24 ./Core/Src/system_stm32f4xx.o
                0x08000fe4                SystemInit
 .text.MX_USART2_UART_Init
                0x08001008       0x54 ./Core/Src/usart.o
                0x08001008                MX_USART2_UART_Init
 .text.HAL_UART_MspInit
                0x0800105c       0x90 ./Core/Src/usart.o
                0x0800105c                HAL_UART_MspInit
 .text.Reset_Handler
                0x080010ec       0x50 ./Core/Startup/startup_stm32f446retx.o
                0x080010ec                Reset_Handler
 .text.Default_Handler
                0x0800113c        0x2 ./Core/Startup/startup_stm32f446retx.o
                0x0800113c                RTC_Alarm_IRQHandler
                0x0800113c                EXTI2_IRQHandler
                0x0800113c                TIM8_CC_IRQHandler
                0x0800113c                FMPI2C1_EV_IRQHandler
                0x0800113c                SPI4_IRQHandler
                0x0800113c                TIM1_CC_IRQHandler
                0x0800113c                DMA2_Stream5_IRQHandler
                0x0800113c                DMA1_Stream5_IRQHandler
                0x0800113c                PVD_IRQHandler
                0x0800113c                SDIO_IRQHandler
                0x0800113c                TAMP_STAMP_IRQHandler
                0x0800113c                CAN2_RX1_IRQHandler
                0x0800113c                EXTI3_IRQHandler
                0x0800113c                TIM8_TRG_COM_TIM14_IRQHandler
                0x0800113c                TIM1_UP_TIM10_IRQHandler
                0x0800113c                TIM8_UP_TIM13_IRQHandler
                0x0800113c                I2C3_ER_IRQHandler
                0x0800113c                EXTI0_IRQHandler
                0x0800113c                I2C2_EV_IRQHandler
                0x0800113c                DMA1_Stream2_IRQHandler
                0x0800113c                CAN1_RX0_IRQHandler
                0x0800113c                FPU_IRQHandler
                0x0800113c                OTG_HS_WKUP_IRQHandler
                0x0800113c                CAN2_SCE_IRQHandler
                0x0800113c                DMA2_Stream2_IRQHandler
                0x0800113c                SPI1_IRQHandler
                0x0800113c                TIM6_DAC_IRQHandler
                0x0800113c                TIM1_BRK_TIM9_IRQHandler
                0x0800113c                CAN2_RX0_IRQHandler
                0x0800113c                DMA2_Stream3_IRQHandler
                0x0800113c                SAI2_IRQHandler
                0x0800113c                USART6_IRQHandler
                0x0800113c                USART3_IRQHandler
                0x0800113c                CAN1_RX1_IRQHandler
                0x0800113c                UART5_IRQHandler
                0x0800113c                DMA2_Stream0_IRQHandler
                0x0800113c                TIM4_IRQHandler
                0x0800113c                QUADSPI_IRQHandler
                0x0800113c                I2C1_EV_IRQHandler
                0x0800113c                DMA1_Stream6_IRQHandler
                0x0800113c                DMA1_Stream1_IRQHandler
                0x0800113c                UART4_IRQHandler
                0x0800113c                TIM3_IRQHandler
                0x0800113c                RCC_IRQHandler
                0x0800113c                TIM8_BRK_TIM12_IRQHandler
                0x0800113c                Default_Handler
                0x0800113c                CEC_IRQHandler
                0x0800113c                EXTI15_10_IRQHandler
                0x0800113c                ADC_IRQHandler
                0x0800113c                DMA1_Stream7_IRQHandler
                0x0800113c                TIM7_IRQHandler
                0x0800113c                CAN2_TX_IRQHandler
                0x0800113c                TIM5_IRQHandler
                0x0800113c                DMA2_Stream7_IRQHandler
                0x0800113c                I2C3_EV_IRQHandler
                0x0800113c                EXTI9_5_IRQHandler
                0x0800113c                RTC_WKUP_IRQHandler
                0x0800113c                SPDIF_RX_IRQHandler
                0x0800113c                SPI2_IRQHandler
                0x0800113c                OTG_HS_EP1_IN_IRQHandler
                0x0800113c                DMA1_Stream0_IRQHandler
                0x0800113c                CAN1_TX_IRQHandler
                0x0800113c                FMPI2C1_ER_IRQHandler
                0x0800113c                EXTI4_IRQHandler
                0x0800113c                OTG_HS_EP1_OUT_IRQHandler
                0x0800113c                WWDG_IRQHandler
                0x0800113c                TIM2_IRQHandler
                0x0800113c                OTG_FS_WKUP_IRQHandler
                0x0800113c                TIM1_TRG_COM_TIM11_IRQHandler
                0x0800113c                OTG_HS_IRQHandler
                0x0800113c                EXTI1_IRQHandler
                0x0800113c                USART2_IRQHandler
                0x0800113c                I2C2_ER_IRQHandler
                0x0800113c                CAN1_SCE_IRQHandler
                0x0800113c                FLASH_IRQHandler
                0x0800113c                DMA2_Stream4_IRQHandler
                0x0800113c                USART1_IRQHandler
                0x0800113c                OTG_FS_IRQHandler
                0x0800113c                SPI3_IRQHandler
                0x0800113c                DMA1_Stream4_IRQHandler
                0x0800113c                I2C1_ER_IRQHandler
                0x0800113c                FMC_IRQHandler
                0x0800113c                DMA2_Stream6_IRQHandler
                0x0800113c                SAI1_IRQHandler
                0x0800113c                DMA1_Stream3_IRQHandler
 *fill*         0x0800113e        0x2 
 .text.HAL_Init
                0x08001140       0x44 ./Drivers/STM32F4xx_HAL_Driver/Src/stm32f4xx_hal.o
                0x08001140                HAL_Init
 .text.HAL_InitTick
                0x08001184       0x60 ./Drivers/STM32F4xx_HAL_Driver/Src/stm32f4xx_hal.o
                0x08001184                HAL_InitTick
 .text.HAL_IncTick
                0x080011e4       0x28 ./Drivers/STM32F4xx_HAL_Driver/Src/stm32f4xx_hal.o
                0x080011e4                HAL_IncTick
 .text.HAL_GetTick
                0x0800120c       0x18 ./Drivers/STM32F4xx_HAL_Driver/Src/stm32f4xx_hal.o
                0x0800120c                HAL_GetTick
 .text.HAL_Delay
                0x08001224       0x48 ./Drivers/STM32F4xx_HAL_Driver/Src/stm32f4xx_hal.o
                0x08001224                HAL_Delay
 .text.__NVIC_SetPriorityGrouping
                0x0800126c       0x48 ./Drivers/STM32F4xx_HAL_Driver/Src/stm32f4xx_hal_cortex.o
 .text.__NVIC_GetPriorityGrouping
                0x080012b4       0x1c ./Drivers/STM32F4xx_HAL_Driver/Src/stm32f4xx_hal_cortex.o
 .text.__NVIC_EnableIRQ
                0x080012d0       0x3c ./Drivers/STM32F4xx_HAL_Driver/Src/stm32f4xx_hal_cortex.o
 .text.__NVIC_SetPriority
                0x0800130c       0x54 ./Drivers/STM32F4xx_HAL_Driver/Src/stm32f4xx_hal_cortex.o
 .text.NVIC_EncodePriority
                0x08001360       0x66 ./Drivers/STM32F4xx_HAL_Driver/Src/stm32f4xx_hal_cortex.o
 *fill*         0x080013c6        0x2 
 .text.SysTick_Config
                0x080013c8       0x44 ./Drivers/STM32F4xx_HAL_Driver/Src/stm32f4xx_hal_cortex.o
 .text.HAL_NVIC_SetPriorityGrouping
                0x0800140c       0x16 ./Drivers/STM32F4xx_HAL_Driver/Src/stm32f4xx_hal_cortex.o
                0x0800140c                HAL_NVIC_SetPriorityGrouping
 .text.HAL_NVIC_SetPriority
                0x08001422       0x38 ./Drivers/STM32F4xx_HAL_Driver/Src/stm32f4xx_hal_cortex.o
                0x08001422                HAL_NVIC_SetPriority
 .text.HAL_NVIC_EnableIRQ
                0x0800145a       0x1c ./Drivers/STM32F4xx_HAL_Driver/Src/stm32f4xx_hal_cortex.o
                0x0800145a                HAL_NVIC_EnableIRQ
 .text.HAL_SYSTICK_Config
                0x08001476       0x18 ./Drivers/STM32F4xx_HAL_Driver/Src/stm32f4xx_hal_cortex.o
                0x08001476                HAL_SYSTICK_Config
 *fill*         0x0800148e        0x2 
 .text.HAL_DCMI_Start_DMA
                0x08001490      0x148 ./Drivers/STM32F4xx_HAL_Driver/Src/stm32f4xx_hal_dcmi.o
                0x08001490                HAL_DCMI_Start_DMA
 .text.HAL_DCMI_Stop
                0x080015d8       0xb8 ./Drivers/STM32F4xx_HAL_Driver/Src/stm32f4xx_hal_dcmi.o
                0x080015d8                HAL_DCMI_Stop
 .text.HAL_DCMI_IRQHandler
                0x08001690      0x11c ./Drivers/STM32F4xx_HAL_Driver/Src/stm32f4xx_hal_dcmi.o
                0x08001690                HAL_DCMI_IRQHandler
 .text.HAL_DCMI_ErrorCallback
                0x080017ac       0x14 ./Drivers/STM32F4xx_HAL_Driver/Src/stm32f4xx_hal_dcmi.o
                0x080017ac                HAL_DCMI_ErrorCallback
 .text.HAL_DCMI_LineEventCallback
                0x080017c0       0x14 ./Drivers/STM32F4xx_HAL_Driver/Src/stm32f4xx_hal_dcmi.o
                0x080017c0                HAL_DCMI_LineEventCallback
 .text.DCMI_DMAXferCplt
                0x080017d4      0x12a ./Drivers/STM32F4xx_HAL_Driver/Src/stm32f4xx_hal_dcmi.o
 .text.DCMI_DMAError
                0x080018fe       0x2e ./Drivers/STM32F4xx_HAL_Driver/Src/stm32f4xx_hal_dcmi.o
 .text.HAL_DCMI_Init
                0x0800192c       0xf4 ./Drivers/STM32F4xx_HAL_Driver/Src/stm32f4xx_hal_dcmi_ex.o
                0x0800192c                HAL_DCMI_Init
 .text.HAL_DMA_Init
                0x08001a20      0x15c ./Drivers/STM32F4xx_HAL_Driver/Src/stm32f4xx_hal_dma.o
                0x08001a20                HAL_DMA_Init
 .text.HAL_DMA_Start_IT
                0x08001b7c       0xb0 ./Drivers/STM32F4xx_HAL_Driver/Src/stm32f4xx_hal_dma.o
                0x08001b7c                HAL_DMA_Start_IT
 .text.HAL_DMA_Abort
                0x08001c2c       0xe0 ./Drivers/STM32F4xx_HAL_Driver/Src/stm32f4xx_hal_dma.o
                0x08001c2c                HAL_DMA_Abort
 .text.HAL_DMA_Abort_IT
                0x08001d0c       0x44 ./Drivers/STM32F4xx_HAL_Driver/Src/stm32f4xx_hal_dma.o
                0x08001d0c                HAL_DMA_Abort_IT
 .text.HAL_DMA_IRQHandler
                0x08001d50      0x314 ./Drivers/STM32F4xx_HAL_Driver/Src/stm32f4xx_hal_dma.o
                0x08001d50                HAL_DMA_IRQHandler
 .text.DMA_SetConfig
                0x08002064       0x5c ./Drivers/STM32F4xx_HAL_Driver/Src/stm32f4xx_hal_dma.o
 .text.DMA_CalcBaseAndBitshift
                0x080020c0       0x6c ./Drivers/STM32F4xx_HAL_Driver/Src/stm32f4xx_hal_dma.o
 .text.DMA_CheckFifoParam
                0x0800212c       0xf8 ./Drivers/STM32F4xx_HAL_Driver/Src/stm32f4xx_hal_dma.o
 .text.HAL_DMAEx_MultiBufferStart_IT
                0x08002224     0x1290 ./Drivers/STM32F4xx_HAL_Driver/Src/stm32f4xx_hal_dma_ex.o
                0x08002224                HAL_DMAEx_MultiBufferStart_IT
 .text.HAL_DMAEx_ChangeMemory
                0x080034b4       0x34 ./Drivers/STM32F4xx_HAL_Driver/Src/stm32f4xx_hal_dma_ex.o
                0x080034b4                HAL_DMAEx_ChangeMemory
 .text.DMA_MultiBufferSetConfig
                0x080034e8       0x4c ./Drivers/STM32F4xx_HAL_Driver/Src/stm32f4xx_hal_dma_ex.o
 .text.HAL_GPIO_Init
                0x08003534      0x328 ./Drivers/STM32F4xx_HAL_Driver/Src/stm32f4xx_hal_gpio.o
                0x08003534                HAL_GPIO_Init
 .text.HAL_GPIO_WritePin
                0x0800385c       0x32 ./Drivers/STM32F4xx_HAL_Driver/Src/stm32f4xx_hal_gpio.o
                0x0800385c                HAL_GPIO_WritePin
 *fill*         0x0800388e        0x2 
 .text.HAL_I2C_Init
                0x08003890      0x288 ./Drivers/STM32F4xx_HAL_Driver/Src/stm32f4xx_hal_i2c.o
                0x08003890                HAL_I2C_Init
 .text.HAL_I2C_Master_Transmit
                0x08003b18      0x1fc ./Drivers/STM32F4xx_HAL_Driver/Src/stm32f4xx_hal_i2c.o
                0x08003b18                HAL_I2C_Master_Transmit
 .text.HAL_I2C_Master_Receive
                0x08003d14      0x464 ./Drivers/STM32F4xx_HAL_Driver/Src/stm32f4xx_hal_i2c.o
                0x08003d14                HAL_I2C_Master_Receive
 .text.HAL_I2C_Mem_Write
                0x08004178      0x1f4 ./Drivers/STM32F4xx_HAL_Driver/Src/stm32f4xx_hal_i2c.o
                0x08004178                HAL_I2C_Mem_Write
 .text.I2C_MasterRequestWrite
                0x0800436c      0x104 ./Drivers/STM32F4xx_HAL_Driver/Src/stm32f4xx_hal_i2c.o
 .text.I2C_MasterRequestRead
                0x08004470      0x19c ./Drivers/STM32F4xx_HAL_Driver/Src/stm32f4xx_hal_i2c.o
 .text.I2C_RequestMemoryWrite
                0x0800460c      0x12c ./Drivers/STM32F4xx_HAL_Driver/Src/stm32f4xx_hal_i2c.o
 .text.I2C_WaitOnFlagUntilTimeout
                0x08004738       0xf4 ./Drivers/STM32F4xx_HAL_Driver/Src/stm32f4xx_hal_i2c.o
 .text.I2C_WaitOnMasterAddressFlagUntilTimeout
                0x0800482c      0x140 ./Drivers/STM32F4xx_HAL_Driver/Src/stm32f4xx_hal_i2c.o
 .text.I2C_WaitOnTXEFlagUntilTimeout
                0x0800496c       0x90 ./Drivers/STM32F4xx_HAL_Driver/Src/stm32f4xx_hal_i2c.o
 .text.I2C_WaitOnBTFFlagUntilTimeout
                0x080049fc       0x90 ./Drivers/STM32F4xx_HAL_Driver/Src/stm32f4xx_hal_i2c.o
 .text.I2C_WaitOnRXNEFlagUntilTimeout
                0x08004a8c       0xba ./Drivers/STM32F4xx_HAL_Driver/Src/stm32f4xx_hal_i2c.o
 .text.I2C_IsAcknowledgeFailed
                0x08004b46       0x5e ./Drivers/STM32F4xx_HAL_Driver/Src/stm32f4xx_hal_i2c.o
 .text.HAL_RCC_ClockConfig
                0x08004ba4      0x1cc ./Drivers/STM32F4xx_HAL_Driver/Src/stm32f4xx_hal_rcc.o
                0x08004ba4                HAL_RCC_ClockConfig
 .text.HAL_RCC_MCOConfig
                0x08004d70       0xd0 ./Drivers/STM32F4xx_HAL_Driver/Src/stm32f4xx_hal_rcc.o
                0x08004d70                HAL_RCC_MCOConfig
 .text.HAL_RCC_GetHCLKFreq
                0x08004e40       0x18 ./Drivers/STM32F4xx_HAL_Driver/Src/stm32f4xx_hal_rcc.o
                0x08004e40                HAL_RCC_GetHCLKFreq
 .text.HAL_RCC_GetPCLK1Freq
                0x08004e58       0x28 ./Drivers/STM32F4xx_HAL_Driver/Src/stm32f4xx_hal_rcc.o
                0x08004e58                HAL_RCC_GetPCLK1Freq
 .text.HAL_RCC_GetPCLK2Freq
                0x08004e80       0x28 ./Drivers/STM32F4xx_HAL_Driver/Src/stm32f4xx_hal_rcc.o
                0x08004e80                HAL_RCC_GetPCLK2Freq
 .text.HAL_RCC_GetSysClockFreq
                0x08004ea8      0x460 ./Drivers/STM32F4xx_HAL_Driver/Src/stm32f4xx_hal_rcc_ex.o
                0x08004ea8                HAL_RCC_GetSysClockFreq
 .text.HAL_RCC_OscConfig
                0x08005308      0x53c ./Drivers/STM32F4xx_HAL_Driver/Src/stm32f4xx_hal_rcc_ex.o
                0x08005308                HAL_RCC_OscConfig
 .text.HAL_UART_Init
                0x08005844       0xa0 ./Drivers/STM32F4xx_HAL_Driver/Src/stm32f4xx_hal_uart.o
                0x08005844                HAL_UART_Init
 .text.UART_SetConfig
                0x080058e4      0x4e8 ./Drivers/STM32F4xx_HAL_Driver/Src/stm32f4xx_hal_uart.o
 .text.std      0x08005dcc       0x6c C:/ST/STM32CubeIDE_1.15.0/STM32CubeIDE/plugins/com.st.stm32cube.ide.mcu.externaltools.gnu-tools-for-stm32.12.3.rel1.win32_1.1.0.202410251130/tools/bin/../lib/gcc/arm-none-eabi/12.3.1/../../../../arm-none-eabi/lib/thumb/v7e-m+fp/hard\libc_nano.a(libc_a-findfp.o)
 .text.stdio_exit_handler
                0x08005e38       0x18 C:/ST/STM32CubeIDE_1.15.0/STM32CubeIDE/plugins/com.st.stm32cube.ide.mcu.externaltools.gnu-tools-for-stm32.12.3.rel1.win32_1.1.0.202410251130/tools/bin/../lib/gcc/arm-none-eabi/12.3.1/../../../../arm-none-eabi/lib/thumb/v7e-m+fp/hard\libc_nano.a(libc_a-findfp.o)
 .text.cleanup_stdio
                0x08005e50       0x40 C:/ST/STM32CubeIDE_1.15.0/STM32CubeIDE/plugins/com.st.stm32cube.ide.mcu.externaltools.gnu-tools-for-stm32.12.3.rel1.win32_1.1.0.202410251130/tools/bin/../lib/gcc/arm-none-eabi/12.3.1/../../../../arm-none-eabi/lib/thumb/v7e-m+fp/hard\libc_nano.a(libc_a-findfp.o)
 .text.global_stdio_init.part.0
                0x08005e90       0x3c C:/ST/STM32CubeIDE_1.15.0/STM32CubeIDE/plugins/com.st.stm32cube.ide.mcu.externaltools.gnu-tools-for-stm32.12.3.rel1.win32_1.1.0.202410251130/tools/bin/../lib/gcc/arm-none-eabi/12.3.1/../../../../arm-none-eabi/lib/thumb/v7e-m+fp/hard\libc_nano.a(libc_a-findfp.o)
 .text.__sfp_lock_acquire
                0x08005ecc        0xc C:/ST/STM32CubeIDE_1.15.0/STM32CubeIDE/plugins/com.st.stm32cube.ide.mcu.externaltools.gnu-tools-for-stm32.12.3.rel1.win32_1.1.0.202410251130/tools/bin/../lib/gcc/arm-none-eabi/12.3.1/../../../../arm-none-eabi/lib/thumb/v7e-m+fp/hard\libc_nano.a(libc_a-findfp.o)
                0x08005ecc                __sfp_lock_acquire
 .text.__sfp_lock_release
                0x08005ed8        0xc C:/ST/STM32CubeIDE_1.15.0/STM32CubeIDE/plugins/com.st.stm32cube.ide.mcu.externaltools.gnu-tools-for-stm32.12.3.rel1.win32_1.1.0.202410251130/tools/bin/../lib/gcc/arm-none-eabi/12.3.1/../../../../arm-none-eabi/lib/thumb/v7e-m+fp/hard\libc_nano.a(libc_a-findfp.o)
                0x08005ed8                __sfp_lock_release
 .text.__sinit  0x08005ee4       0x30 C:/ST/STM32CubeIDE_1.15.0/STM32CubeIDE/plugins/com.st.stm32cube.ide.mcu.externaltools.gnu-tools-for-stm32.12.3.rel1.win32_1.1.0.202410251130/tools/bin/../lib/gcc/arm-none-eabi/12.3.1/../../../../arm-none-eabi/lib/thumb/v7e-m+fp/hard\libc_nano.a(libc_a-findfp.o)
                0x08005ee4                __sinit
 .text._fwalk_sglue
                0x08005f14       0x3c C:/ST/STM32CubeIDE_1.15.0/STM32CubeIDE/plugins/com.st.stm32cube.ide.mcu.externaltools.gnu-tools-for-stm32.12.3.rel1.win32_1.1.0.202410251130/tools/bin/../lib/gcc/arm-none-eabi/12.3.1/../../../../arm-none-eabi/lib/thumb/v7e-m+fp/hard\libc_nano.a(libc_a-fwalk.o)
                0x08005f14                _fwalk_sglue
 .text.printf   0x08005f50       0x24 C:/ST/STM32CubeIDE_1.15.0/STM32CubeIDE/plugins/com.st.stm32cube.ide.mcu.externaltools.gnu-tools-for-stm32.12.3.rel1.win32_1.1.0.202410251130/tools/bin/../lib/gcc/arm-none-eabi/12.3.1/../../../../arm-none-eabi/lib/thumb/v7e-m+fp/hard\libc_nano.a(libc_a-printf.o)
                0x08005f50                iprintf
                0x08005f50                printf
 .text.__sread  0x08005f74       0x22 C:/ST/STM32CubeIDE_1.15.0/STM32CubeIDE/plugins/com.st.stm32cube.ide.mcu.externaltools.gnu-tools-for-stm32.12.3.rel1.win32_1.1.0.202410251130/tools/bin/../lib/gcc/arm-none-eabi/12.3.1/../../../../arm-none-eabi/lib/thumb/v7e-m+fp/hard\libc_nano.a(libc_a-stdio.o)
                0x08005f74                __sread
 .text.__swrite
                0x08005f96       0x38 C:/ST/STM32CubeIDE_1.15.0/STM32CubeIDE/plugins/com.st.stm32cube.ide.mcu.externaltools.gnu-tools-for-stm32.12.3.rel1.win32_1.1.0.202410251130/tools/bin/../lib/gcc/arm-none-eabi/12.3.1/../../../../arm-none-eabi/lib/thumb/v7e-m+fp/hard\libc_nano.a(libc_a-stdio.o)
                0x08005f96                __swrite
 .text.__sseek  0x08005fce       0x24 C:/ST/STM32CubeIDE_1.15.0/STM32CubeIDE/plugins/com.st.stm32cube.ide.mcu.externaltools.gnu-tools-for-stm32.12.3.rel1.win32_1.1.0.202410251130/tools/bin/../lib/gcc/arm-none-eabi/12.3.1/../../../../arm-none-eabi/lib/thumb/v7e-m+fp/hard\libc_nano.a(libc_a-stdio.o)
                0x08005fce                __sseek
 .text.__sclose
                0x08005ff2        0x8 C:/ST/STM32CubeIDE_1.15.0/STM32CubeIDE/plugins/com.st.stm32cube.ide.mcu.externaltools.gnu-tools-for-stm32.12.3.rel1.win32_1.1.0.202410251130/tools/bin/../lib/gcc/arm-none-eabi/12.3.1/../../../../arm-none-eabi/lib/thumb/v7e-m+fp/hard\libc_nano.a(libc_a-stdio.o)
                0x08005ff2                __sclose
 .text.memset   0x08005ffa       0x10 C:/ST/STM32CubeIDE_1.15.0/STM32CubeIDE/plugins/com.st.stm32cube.ide.mcu.externaltools.gnu-tools-for-stm32.12.3.rel1.win32_1.1.0.202410251130/tools/bin/../lib/gcc/arm-none-eabi/12.3.1/../../../../arm-none-eabi/lib/thumb/v7e-m+fp/hard\libc_nano.a(libc_a-memset.o)
                0x08005ffa                memset
 *fill*         0x0800600a        0x2 
 .text._close_r
                0x0800600c       0x20 C:/ST/STM32CubeIDE_1.15.0/STM32CubeIDE/plugins/com.st.stm32cube.ide.mcu.externaltools.gnu-tools-for-stm32.12.3.rel1.win32_1.1.0.202410251130/tools/bin/../lib/gcc/arm-none-eabi/12.3.1/../../../../arm-none-eabi/lib/thumb/v7e-m+fp/hard\libc_nano.a(libc_a-closer.o)
                0x0800600c                _close_r
 .text._lseek_r
                0x0800602c       0x24 C:/ST/STM32CubeIDE_1.15.0/STM32CubeIDE/plugins/com.st.stm32cube.ide.mcu.externaltools.gnu-tools-for-stm32.12.3.rel1.win32_1.1.0.202410251130/tools/bin/../lib/gcc/arm-none-eabi/12.3.1/../../../../arm-none-eabi/lib/thumb/v7e-m+fp/hard\libc_nano.a(libc_a-lseekr.o)
                0x0800602c                _lseek_r
 .text._read_r  0x08006050       0x24 C:/ST/STM32CubeIDE_1.15.0/STM32CubeIDE/plugins/com.st.stm32cube.ide.mcu.externaltools.gnu-tools-for-stm32.12.3.rel1.win32_1.1.0.202410251130/tools/bin/../lib/gcc/arm-none-eabi/12.3.1/../../../../arm-none-eabi/lib/thumb/v7e-m+fp/hard\libc_nano.a(libc_a-readr.o)
                0x08006050                _read_r
 .text._write_r
                0x08006074       0x24 C:/ST/STM32CubeIDE_1.15.0/STM32CubeIDE/plugins/com.st.stm32cube.ide.mcu.externaltools.gnu-tools-for-stm32.12.3.rel1.win32_1.1.0.202410251130/tools/bin/../lib/gcc/arm-none-eabi/12.3.1/../../../../arm-none-eabi/lib/thumb/v7e-m+fp/hard\libc_nano.a(libc_a-writer.o)
                0x08006074                _write_r
 .text.__errno  0x08006098        0xc C:/ST/STM32CubeIDE_1.15.0/STM32CubeIDE/plugins/com.st.stm32cube.ide.mcu.externaltools.gnu-tools-for-stm32.12.3.rel1.win32_1.1.0.202410251130/tools/bin/../lib/gcc/arm-none-eabi/12.3.1/../../../../arm-none-eabi/lib/thumb/v7e-m+fp/hard\libc_nano.a(libc_a-errno.o)
                0x08006098                __errno
 .text.__libc_init_array
                0x080060a4       0x48 C:/ST/STM32CubeIDE_1.15.0/STM32CubeIDE/plugins/com.st.stm32cube.ide.mcu.externaltools.gnu-tools-for-stm32.12.3.rel1.win32_1.1.0.202410251130/tools/bin/../lib/gcc/arm-none-eabi/12.3.1/../../../../arm-none-eabi/lib/thumb/v7e-m+fp/hard\libc_nano.a(libc_a-init.o)
                0x080060a4                __libc_init_array
 .text.__retarget_lock_init_recursive
                0x080060ec        0x2 C:/ST/STM32CubeIDE_1.15.0/STM32CubeIDE/plugins/com.st.stm32cube.ide.mcu.externaltools.gnu-tools-for-stm32.12.3.rel1.win32_1.1.0.202410251130/tools/bin/../lib/gcc/arm-none-eabi/12.3.1/../../../../arm-none-eabi/lib/thumb/v7e-m+fp/hard\libc_nano.a(libc_a-lock.o)
                0x080060ec                __retarget_lock_init_recursive
 .text.__retarget_lock_acquire_recursive
                0x080060ee        0x2 C:/ST/STM32CubeIDE_1.15.0/STM32CubeIDE/plugins/com.st.stm32cube.ide.mcu.externaltools.gnu-tools-for-stm32.12.3.rel1.win32_1.1.0.202410251130/tools/bin/../lib/gcc/arm-none-eabi/12.3.1/../../../../arm-none-eabi/lib/thumb/v7e-m+fp/hard\libc_nano.a(libc_a-lock.o)
                0x080060ee                __retarget_lock_acquire_recursive
 .text.__retarget_lock_release_recursive
                0x080060f0        0x2 C:/ST/STM32CubeIDE_1.15.0/STM32CubeIDE/plugins/com.st.stm32cube.ide.mcu.externaltools.gnu-tools-for-stm32.12.3.rel1.win32_1.1.0.202410251130/tools/bin/../lib/gcc/arm-none-eabi/12.3.1/../../../../arm-none-eabi/lib/thumb/v7e-m+fp/hard\libc_nano.a(libc_a-lock.o)
                0x080060f0                __retarget_lock_release_recursive
 *fill*         0x080060f2        0x2 
 .text._free_r  0x080060f4       0x94 C:/ST/STM32CubeIDE_1.15.0/STM32CubeIDE/plugins/com.st.stm32cube.ide.mcu.externaltools.gnu-tools-for-stm32.12.3.rel1.win32_1.1.0.202410251130/tools/bin/../lib/gcc/arm-none-eabi/12.3.1/../../../../arm-none-eabi/lib/thumb/v7e-m+fp/hard\libc_nano.a(libc_a-freer.o)
                0x080060f4                _free_r
 .text.sbrk_aligned
                0x08006188       0x44 C:/ST/STM32CubeIDE_1.15.0/STM32CubeIDE/plugins/com.st.stm32cube.ide.mcu.externaltools.gnu-tools-for-stm32.12.3.rel1.win32_1.1.0.202410251130/tools/bin/../lib/gcc/arm-none-eabi/12.3.1/../../../../arm-none-eabi/lib/thumb/v7e-m+fp/hard\libc_nano.a(libc_a-mallocr.o)
 .text._malloc_r
                0x080061cc      0x100 C:/ST/STM32CubeIDE_1.15.0/STM32CubeIDE/plugins/com.st.stm32cube.ide.mcu.externaltools.gnu-tools-for-stm32.12.3.rel1.win32_1.1.0.202410251130/tools/bin/../lib/gcc/arm-none-eabi/12.3.1/../../../../arm-none-eabi/lib/thumb/v7e-m+fp/hard\libc_nano.a(libc_a-mallocr.o)
                0x080061cc                _malloc_r
 .text.__malloc_lock
                0x080062cc        0xc C:/ST/STM32CubeIDE_1.15.0/STM32CubeIDE/plugins/com.st.stm32cube.ide.mcu.externaltools.gnu-tools-for-stm32.12.3.rel1.win32_1.1.0.202410251130/tools/bin/../lib/gcc/arm-none-eabi/12.3.1/../../../../arm-none-eabi/lib/thumb/v7e-m+fp/hard\libc_nano.a(libc_a-mlock.o)
                0x080062cc                __malloc_lock
 .text.__malloc_unlock
                0x080062d8        0xc C:/ST/STM32CubeIDE_1.15.0/STM32CubeIDE/plugins/com.st.stm32cube.ide.mcu.externaltools.gnu-tools-for-stm32.12.3.rel1.win32_1.1.0.202410251130/tools/bin/../lib/gcc/arm-none-eabi/12.3.1/../../../../arm-none-eabi/lib/thumb/v7e-m+fp/hard\libc_nano.a(libc_a-mlock.o)
                0x080062d8                __malloc_unlock
 .text.__sfputc_r
                0x080062e4       0x2e C:/ST/STM32CubeIDE_1.15.0/STM32CubeIDE/plugins/com.st.stm32cube.ide.mcu.externaltools.gnu-tools-for-stm32.12.3.rel1.win32_1.1.0.202410251130/tools/bin/../lib/gcc/arm-none-eabi/12.3.1/../../../../arm-none-eabi/lib/thumb/v7e-m+fp/hard\libc_nano.a(libc_a-nano-vfprintf.o)
 .text.__sfputs_r
                0x08006312       0x24 C:/ST/STM32CubeIDE_1.15.0/STM32CubeIDE/plugins/com.st.stm32cube.ide.mcu.externaltools.gnu-tools-for-stm32.12.3.rel1.win32_1.1.0.202410251130/tools/bin/../lib/gcc/arm-none-eabi/12.3.1/../../../../arm-none-eabi/lib/thumb/v7e-m+fp/hard\libc_nano.a(libc_a-nano-vfprintf.o)
                0x08006312                __sfputs_r
 *fill*         0x08006336        0x2 
 .text._vfprintf_r
                0x08006338      0x230 C:/ST/STM32CubeIDE_1.15.0/STM32CubeIDE/plugins/com.st.stm32cube.ide.mcu.externaltools.gnu-tools-for-stm32.12.3.rel1.win32_1.1.0.202410251130/tools/bin/../lib/gcc/arm-none-eabi/12.3.1/../../../../arm-none-eabi/lib/thumb/v7e-m+fp/hard\libc_nano.a(libc_a-nano-vfprintf.o)
                0x08006338                _vfprintf_r
                0x08006338                _vfiprintf_r
 .text._printf_common
                0x08006568       0xda C:/ST/STM32CubeIDE_1.15.0/STM32CubeIDE/plugins/com.st.stm32cube.ide.mcu.externaltools.gnu-tools-for-stm32.12.3.rel1.win32_1.1.0.202410251130/tools/bin/../lib/gcc/arm-none-eabi/12.3.1/../../../../arm-none-eabi/lib/thumb/v7e-m+fp/hard\libc_nano.a(libc_a-nano-vfprintf_i.o)
                0x08006568                _printf_common
 *fill*         0x08006642        0x2 
 .text._printf_i
                0x08006644      0x240 C:/ST/STM32CubeIDE_1.15.0/STM32CubeIDE/plugins/com.st.stm32cube.ide.mcu.externaltools.gnu-tools-for-stm32.12.3.rel1.win32_1.1.0.202410251130/tools/bin/../lib/gcc/arm-none-eabi/12.3.1/../../../../arm-none-eabi/lib/thumb/v7e-m+fp/hard\libc_nano.a(libc_a-nano-vfprintf_i.o)
                0x08006644                _printf_i
 .text.__sflush_r
                0x08006884      0x108 C:/ST/STM32CubeIDE_1.15.0/STM32CubeIDE/plugins/com.st.stm32cube.ide.mcu.externaltools.gnu-tools-for-stm32.12.3.rel1.win32_1.1.0.202410251130/tools/bin/../lib/gcc/arm-none-eabi/12.3.1/../../../../arm-none-eabi/lib/thumb/v7e-m+fp/hard\libc_nano.a(libc_a-fflush.o)
                0x08006884                __sflush_r
 .text._fflush_r
                0x0800698c       0x50 C:/ST/STM32CubeIDE_1.15.0/STM32CubeIDE/plugins/com.st.stm32cube.ide.mcu.externaltools.gnu-tools-for-stm32.12.3.rel1.win32_1.1.0.202410251130/tools/bin/../lib/gcc/arm-none-eabi/12.3.1/../../../../arm-none-eabi/lib/thumb/v7e-m+fp/hard\libc_nano.a(libc_a-fflush.o)
                0x0800698c                _fflush_r
 .text.__swbuf_r
                0x080069dc       0x7c C:/ST/STM32CubeIDE_1.15.0/STM32CubeIDE/plugins/com.st.stm32cube.ide.mcu.externaltools.gnu-tools-for-stm32.12.3.rel1.win32_1.1.0.202410251130/tools/bin/../lib/gcc/arm-none-eabi/12.3.1/../../../../arm-none-eabi/lib/thumb/v7e-m+fp/hard\libc_nano.a(libc_a-wbuf.o)
                0x080069dc                __swbuf_r
 .text.__swsetup_r
                0x08006a58       0xac C:/ST/STM32CubeIDE_1.15.0/STM32CubeIDE/plugins/com.st.stm32cube.ide.mcu.externaltools.gnu-tools-for-stm32.12.3.rel1.win32_1.1.0.202410251130/tools/bin/../lib/gcc/arm-none-eabi/12.3.1/../../../../arm-none-eabi/lib/thumb/v7e-m+fp/hard\libc_nano.a(libc_a-wsetup.o)
                0x08006a58                __swsetup_r
 .text._sbrk_r  0x08006b04       0x20 C:/ST/STM32CubeIDE_1.15.0/STM32CubeIDE/plugins/com.st.stm32cube.ide.mcu.externaltools.gnu-tools-for-stm32.12.3.rel1.win32_1.1.0.202410251130/tools/bin/../lib/gcc/arm-none-eabi/12.3.1/../../../../arm-none-eabi/lib/thumb/v7e-m+fp/hard\libc_nano.a(libc_a-sbrkr.o)
                0x08006b04                _sbrk_r
 .text.__swhatbuf_r
                0x08006b24       0x4c C:/ST/STM32CubeIDE_1.15.0/STM32CubeIDE/plugins/com.st.stm32cube.ide.mcu.externaltools.gnu-tools-for-stm32.12.3.rel1.win32_1.1.0.202410251130/tools/bin/../lib/gcc/arm-none-eabi/12.3.1/../../../../arm-none-eabi/lib/thumb/v7e-m+fp/hard\libc_nano.a(libc_a-makebuf.o)
                0x08006b24                __swhatbuf_r
 .text.__smakebuf_r
                0x08006b70       0x78 C:/ST/STM32CubeIDE_1.15.0/STM32CubeIDE/plugins/com.st.stm32cube.ide.mcu.externaltools.gnu-tools-for-stm32.12.3.rel1.win32_1.1.0.202410251130/tools/bin/../lib/gcc/arm-none-eabi/12.3.1/../../../../arm-none-eabi/lib/thumb/v7e-m+fp/hard\libc_nano.a(libc_a-makebuf.o)
                0x08006b70                __smakebuf_r
 .text._fstat_r
                0x08006be8       0x24 C:/ST/STM32CubeIDE_1.15.0/STM32CubeIDE/plugins/com.st.stm32cube.ide.mcu.externaltools.gnu-tools-for-stm32.12.3.rel1.win32_1.1.0.202410251130/tools/bin/../lib/gcc/arm-none-eabi/12.3.1/../../../../arm-none-eabi/lib/thumb/v7e-m+fp/hard\libc_nano.a(libc_a-fstatr.o)
                0x08006be8                _fstat_r
 .text._isatty_r
                0x08006c0c       0x20 C:/ST/STM32CubeIDE_1.15.0/STM32CubeIDE/plugins/com.st.stm32cube.ide.mcu.externaltools.gnu-tools-for-stm32.12.3.rel1.win32_1.1.0.202410251130/tools/bin/../lib/gcc/arm-none-eabi/12.3.1/../../../../arm-none-eabi/lib/thumb/v7e-m+fp/hard\libc_nano.a(libc_a-isattyr.o)
                0x08006c0c                _isatty_r
 *(.glue_7)
 .glue_7        0x08006c2c        0x0 linker stubs
 *(.glue_7t)
 .glue_7t       0x08006c2c        0x0 linker stubs
 *(.eh_frame)
 .eh_frame      0x08006c2c        0x0 C:/ST/STM32CubeIDE_1.15.0/STM32CubeIDE/plugins/com.st.stm32cube.ide.mcu.externaltools.gnu-tools-for-stm32.12.3.rel1.win32_1.1.0.202410251130/tools/bin/../lib/gcc/arm-none-eabi/12.3.1/thumb/v7e-m+fp/hard/crtbegin.o
 *(.init)
 .init          0x08006c2c        0x4 C:/ST/STM32CubeIDE_1.15.0/STM32CubeIDE/plugins/com.st.stm32cube.ide.mcu.externaltools.gnu-tools-for-stm32.12.3.rel1.win32_1.1.0.202410251130/tools/bin/../lib/gcc/arm-none-eabi/12.3.1/thumb/v7e-m+fp/hard/crti.o
                0x08006c2c                _init
 .init          0x08006c30        0x8 C:/ST/STM32CubeIDE_1.15.0/STM32CubeIDE/plugins/com.st.stm32cube.ide.mcu.externaltools.gnu-tools-for-stm32.12.3.rel1.win32_1.1.0.202410251130/tools/bin/../lib/gcc/arm-none-eabi/12.3.1/thumb/v7e-m+fp/hard/crtn.o
 *(.fini)
 .fini          0x08006c38        0x4 C:/ST/STM32CubeIDE_1.15.0/STM32CubeIDE/plugins/com.st.stm32cube.ide.mcu.externaltools.gnu-tools-for-stm32.12.3.rel1.win32_1.1.0.202410251130/tools/bin/../lib/gcc/arm-none-eabi/12.3.1/thumb/v7e-m+fp/hard/crti.o
                0x08006c38                _fini
 .fini          0x08006c3c        0x8 C:/ST/STM32CubeIDE_1.15.0/STM32CubeIDE/plugins/com.st.stm32cube.ide.mcu.externaltools.gnu-tools-for-stm32.12.3.rel1.win32_1.1.0.202410251130/tools/bin/../lib/gcc/arm-none-eabi/12.3.1/thumb/v7e-m+fp/hard/crtn.o
                0x08006c44                        . = ALIGN (0x4)
                0x08006c44                        _etext = .

.vfp11_veneer   0x08006c44        0x0
 .vfp11_veneer  0x08006c44        0x0 linker stubs

.v4_bx          0x08006c44        0x0
 .v4_bx         0x08006c44        0x0 linker stubs

.iplt           0x08006c44        0x0
 .iplt          0x08006c44        0x0 C:/ST/STM32CubeIDE_1.15.0/STM32CubeIDE/plugins/com.st.stm32cube.ide.mcu.externaltools.gnu-tools-for-stm32.12.3.rel1.win32_1.1.0.202410251130/tools/bin/../lib/gcc/arm-none-eabi/12.3.1/thumb/v7e-m+fp/hard/crtbegin.o

.rodata         0x08006c44       0xc8
                0x08006c44                        . = ALIGN (0x4)
 *(.rodata)
 .rodata        0x08006c44       0x18 ./Core/Src/ov7670.o
 *(.rodata*)
 .rodata.OV7670_reg
                0x08006c5c       0x5a ./Core/Src/ov7670.o
                0x08006c5c                OV7670_reg
 *fill*         0x08006cb6        0x2 
 .rodata.AHBPrescTable
                0x08006cb8       0x10 ./Core/Src/system_stm32f4xx.o
                0x08006cb8                AHBPrescTable
 .rodata.APBPrescTable
                0x08006cc8        0x8 ./Core/Src/system_stm32f4xx.o
                0x08006cc8                APBPrescTable
 .rodata.flagBitshiftOffset.0
                0x08006cd0        0x8 ./Drivers/STM32F4xx_HAL_Driver/Src/stm32f4xx_hal_dma.o
 .rodata._vfprintf_r.str1.1
                0x08006cd8       0x11 C:/ST/STM32CubeIDE_1.15.0/STM32CubeIDE/plugins/com.st.stm32cube.ide.mcu.externaltools.gnu-tools-for-stm32.12.3.rel1.win32_1.1.0.202410251130/tools/bin/../lib/gcc/arm-none-eabi/12.3.1/../../../../arm-none-eabi/lib/thumb/v7e-m+fp/hard\libc_nano.a(libc_a-nano-vfprintf.o)
 .rodata._printf_i.str1.1
                0x08006ce9       0x22 C:/ST/STM32CubeIDE_1.15.0/STM32CubeIDE/plugins/com.st.stm32cube.ide.mcu.externaltools.gnu-tools-for-stm32.12.3.rel1.win32_1.1.0.202410251130/tools/bin/../lib/gcc/arm-none-eabi/12.3.1/../../../../arm-none-eabi/lib/thumb/v7e-m+fp/hard\libc_nano.a(libc_a-nano-vfprintf_i.o)
                0x08006d0c                        . = ALIGN (0x4)
 *fill*         0x08006d0b        0x1 

.ARM.extab      0x08006d0c        0x0
                0x08006d0c                        . = ALIGN (0x4)
 *(.ARM.extab* .gnu.linkonce.armextab.*)
                0x08006d0c                        . = ALIGN (0x4)

.ARM            0x08006d0c        0x8
                0x08006d0c                        . = ALIGN (0x4)
                0x08006d0c                        __exidx_start = .
 *(.ARM.exidx*)
 .ARM.exidx     0x08006d0c        0x8 C:/ST/STM32CubeIDE_1.15.0/STM32CubeIDE/plugins/com.st.stm32cube.ide.mcu.externaltools.gnu-tools-for-stm32.12.3.rel1.win32_1.1.0.202410251130/tools/bin/../lib/gcc/arm-none-eabi/12.3.1/../../../../arm-none-eabi/lib/thumb/v7e-m+fp/hard\libc_nano.a(libc_a-memchr.o)
 .ARM.exidx     0x08006d14        0x0 C:/ST/STM32CubeIDE_1.15.0/STM32CubeIDE/plugins/com.st.stm32cube.ide.mcu.externaltools.gnu-tools-for-stm32.12.3.rel1.win32_1.1.0.202410251130/tools/bin/../lib/gcc/arm-none-eabi/12.3.1/thumb/v7e-m+fp/hard\libgcc.a(_udivmoddi4.o)
                                  0x8 (size before relaxing)
                0x08006d14                        __exidx_end = .
                0x08006d14                        . = ALIGN (0x4)

.preinit_array  0x08006d14        0x0
                0x08006d14                        . = ALIGN (0x4)
                0x08006d14                        PROVIDE (__preinit_array_start = .)
 *(.preinit_array*)
                0x08006d14                        PROVIDE (__preinit_array_end = .)
                0x08006d14                        . = ALIGN (0x4)

.init_array     0x08006d14        0x4
                0x08006d14                        . = ALIGN (0x4)
                0x08006d14                        PROVIDE (__init_array_start = .)
 *(SORT_BY_NAME(.init_array.*))
 *(.init_array*)
 .init_array    0x08006d14        0x4 C:/ST/STM32CubeIDE_1.15.0/STM32CubeIDE/plugins/com.st.stm32cube.ide.mcu.externaltools.gnu-tools-for-stm32.12.3.rel1.win32_1.1.0.202410251130/tools/bin/../lib/gcc/arm-none-eabi/12.3.1/thumb/v7e-m+fp/hard/crtbegin.o
                0x08006d18                        PROVIDE (__init_array_end = .)
                0x08006d18                        . = ALIGN (0x4)

.fini_array     0x08006d18        0x4
                0x08006d18                        . = ALIGN (0x4)
                [!provide]                        PROVIDE (__fini_array_start = .)
 *(SORT_BY_NAME(.fini_array.*))
 *(.fini_array*)
 .fini_array    0x08006d18        0x4 C:/ST/STM32CubeIDE_1.15.0/STM32CubeIDE/plugins/com.st.stm32cube.ide.mcu.externaltools.gnu-tools-for-stm32.12.3.rel1.win32_1.1.0.202410251130/tools/bin/../lib/gcc/arm-none-eabi/12.3.1/thumb/v7e-m+fp/hard/crtbegin.o
                [!provide]                        PROVIDE (__fini_array_end = .)
                0x08006d1c                        . = ALIGN (0x4)
                0x08006d1c                        _sidata = LOADADDR (.data)

.rel.dyn        0x08006d1c        0x0
 .rel.iplt      0x08006d1c        0x0 C:/ST/STM32CubeIDE_1.15.0/STM32CubeIDE/plugins/com.st.stm32cube.ide.mcu.externaltools.gnu-tools-for-stm32.12.3.rel1.win32_1.1.0.202410251130/tools/bin/../lib/gcc/arm-none-eabi/12.3.1/thumb/v7e-m+fp/hard/crtbegin.o

.data           0x20000000       0x70 load address 0x08006d1c
                0x20000000                        . = ALIGN (0x4)
                0x20000000                        _sdata = .
 *(.data)
 *(.data*)
 .data.init_code
                0x20000000        0x4 ./Core/Src/main.o
                0x20000000                init_code
 .data.config_code
                0x20000004        0x4 ./Core/Src/main.o
                0x20000004                config_code
 .data.SystemCoreClock
                0x20000008        0x4 ./Core/Src/system_stm32f4xx.o
                0x20000008                SystemCoreClock
 .data.uwTickPrio
                0x2000000c        0x4 ./Drivers/STM32F4xx_HAL_Driver/Src/stm32f4xx_hal.o
                0x2000000c                uwTickPrio
 .data.uwTickFreq
                0x20000010        0x1 ./Drivers/STM32F4xx_HAL_Driver/Src/stm32f4xx_hal.o
                0x20000010                uwTickFreq
 *fill*         0x20000011        0x3 
 .data.__sglue  0x20000014        0xc C:/ST/STM32CubeIDE_1.15.0/STM32CubeIDE/plugins/com.st.stm32cube.ide.mcu.externaltools.gnu-tools-for-stm32.12.3.rel1.win32_1.1.0.202410251130/tools/bin/../lib/gcc/arm-none-eabi/12.3.1/../../../../arm-none-eabi/lib/thumb/v7e-m+fp/hard\libc_nano.a(libc_a-findfp.o)
                0x20000014                __sglue
 .data._impure_ptr
                0x20000020        0x4 C:/ST/STM32CubeIDE_1.15.0/STM32CubeIDE/plugins/com.st.stm32cube.ide.mcu.externaltools.gnu-tools-for-stm32.12.3.rel1.win32_1.1.0.202410251130/tools/bin/../lib/gcc/arm-none-eabi/12.3.1/../../../../arm-none-eabi/lib/thumb/v7e-m+fp/hard\libc_nano.a(libc_a-impure.o)
                0x20000020                _impure_ptr
 .data._impure_data
                0x20000024       0x4c C:/ST/STM32CubeIDE_1.15.0/STM32CubeIDE/plugins/com.st.stm32cube.ide.mcu.externaltools.gnu-tools-for-stm32.12.3.rel1.win32_1.1.0.202410251130/tools/bin/../lib/gcc/arm-none-eabi/12.3.1/../../../../arm-none-eabi/lib/thumb/v7e-m+fp/hard\libc_nano.a(libc_a-impure.o)
                0x20000024                _impure_data
 *(.RamFunc)
 *(.RamFunc*)
                0x20000070                        . = ALIGN (0x4)
                0x20000070                        _edata = .

.igot.plt       0x20000070        0x0 load address 0x08006d8c
 .igot.plt      0x20000070        0x0 C:/ST/STM32CubeIDE_1.15.0/STM32CubeIDE/plugins/com.st.stm32cube.ide.mcu.externaltools.gnu-tools-for-stm32.12.3.rel1.win32_1.1.0.202410251130/tools/bin/../lib/gcc/arm-none-eabi/12.3.1/thumb/v7e-m+fp/hard/crtbegin.o
                0x20000070                        . = ALIGN (0x4)

.bss            0x20000070     0x98d8 load address 0x08006d8c
                0x20000070                        _sbss = .
                0x20000070                        __bss_start__ = _sbss
 *(.bss)
 .bss           0x20000070       0x1c C:/ST/STM32CubeIDE_1.15.0/STM32CubeIDE/plugins/com.st.stm32cube.ide.mcu.externaltools.gnu-tools-for-stm32.12.3.rel1.win32_1.1.0.202410251130/tools/bin/../lib/gcc/arm-none-eabi/12.3.1/thumb/v7e-m+fp/hard/crtbegin.o
 *(.bss*)
 .bss.hdcmi     0x2000008c       0x50 ./Core/Src/dcmi.o
                0x2000008c                hdcmi
 .bss.hdma_dcmi
                0x200000dc       0x60 ./Core/Src/dcmi.o
                0x200000dc                hdma_dcmi
 .bss.hi2c2     0x2000013c       0x54 ./Core/Src/i2c.o
                0x2000013c                hi2c2
 .bss.pBuffer   0x20000190     0x9600 ./Core/Src/main.o
                0x20000190                pBuffer
 .bss.sp_hdcmi  0x20009790        0x4 ./Core/Src/ov7670.o
 .bss.sp_hdma_dcmi
                0x20009794        0x4 ./Core/Src/ov7670.o
 .bss.sp_hi2c   0x20009798        0x4 ./Core/Src/ov7670.o
 .bss.s_destAddressForContiuousMode
                0x2000979c        0x4 ./Core/Src/ov7670.o
 .bss.s_cbVsync
                0x200097a0        0x4 ./Core/Src/ov7670.o
 .bss.s_currentH
                0x200097a4        0x4 ./Core/Src/ov7670.o
 .bss.s_currentV
                0x200097a8        0x4 ./Core/Src/ov7670.o
 .bss.__sbrk_heap_end
                0x200097ac        0x4 ./Core/Src/sysmem.o
 .bss.huart2    0x200097b0       0x48 ./Core/Src/usart.o
                0x200097b0                huart2
 .bss.uwTick    0x200097f8        0x4 ./Drivers/STM32F4xx_HAL_Driver/Src/stm32f4xx_hal.o
                0x200097f8                uwTick
 .bss.__sf      0x200097fc      0x138 C:/ST/STM32CubeIDE_1.15.0/STM32CubeIDE/plugins/com.st.stm32cube.ide.mcu.externaltools.gnu-tools-for-stm32.12.3.rel1.win32_1.1.0.202410251130/tools/bin/../lib/gcc/arm-none-eabi/12.3.1/../../../../arm-none-eabi/lib/thumb/v7e-m+fp/hard\libc_nano.a(libc_a-findfp.o)
                0x200097fc                __sf
 .bss.__stdio_exit_handler
                0x20009934        0x4 C:/ST/STM32CubeIDE_1.15.0/STM32CubeIDE/plugins/com.st.stm32cube.ide.mcu.externaltools.gnu-tools-for-stm32.12.3.rel1.win32_1.1.0.202410251130/tools/bin/../lib/gcc/arm-none-eabi/12.3.1/../../../../arm-none-eabi/lib/thumb/v7e-m+fp/hard\libc_nano.a(libc_a-findfp.o)
                0x20009934                __stdio_exit_handler
 .bss.errno     0x20009938        0x4 C:/ST/STM32CubeIDE_1.15.0/STM32CubeIDE/plugins/com.st.stm32cube.ide.mcu.externaltools.gnu-tools-for-stm32.12.3.rel1.win32_1.1.0.202410251130/tools/bin/../lib/gcc/arm-none-eabi/12.3.1/../../../../arm-none-eabi/lib/thumb/v7e-m+fp/hard\libc_nano.a(libc_a-reent.o)
                0x20009938                errno
 .bss.__lock___malloc_recursive_mutex
                0x2000993c        0x1 C:/ST/STM32CubeIDE_1.15.0/STM32CubeIDE/plugins/com.st.stm32cube.ide.mcu.externaltools.gnu-tools-for-stm32.12.3.rel1.win32_1.1.0.202410251130/tools/bin/../lib/gcc/arm-none-eabi/12.3.1/../../../../arm-none-eabi/lib/thumb/v7e-m+fp/hard\libc_nano.a(libc_a-lock.o)
                0x2000993c                __lock___malloc_recursive_mutex
 .bss.__lock___sfp_recursive_mutex
                0x2000993d        0x1 C:/ST/STM32CubeIDE_1.15.0/STM32CubeIDE/plugins/com.st.stm32cube.ide.mcu.externaltools.gnu-tools-for-stm32.12.3.rel1.win32_1.1.0.202410251130/tools/bin/../lib/gcc/arm-none-eabi/12.3.1/../../../../arm-none-eabi/lib/thumb/v7e-m+fp/hard\libc_nano.a(libc_a-lock.o)
                0x2000993d                __lock___sfp_recursive_mutex
 *fill*         0x2000993e        0x2 
 .bss.__malloc_sbrk_start
                0x20009940        0x4 C:/ST/STM32CubeIDE_1.15.0/STM32CubeIDE/plugins/com.st.stm32cube.ide.mcu.externaltools.gnu-tools-for-stm32.12.3.rel1.win32_1.1.0.202410251130/tools/bin/../lib/gcc/arm-none-eabi/12.3.1/../../../../arm-none-eabi/lib/thumb/v7e-m+fp/hard\libc_nano.a(libc_a-mallocr.o)
                0x20009940                __malloc_sbrk_start
 .bss.__malloc_free_list
                0x20009944        0x4 C:/ST/STM32CubeIDE_1.15.0/STM32CubeIDE/plugins/com.st.stm32cube.ide.mcu.externaltools.gnu-tools-for-stm32.12.3.rel1.win32_1.1.0.202410251130/tools/bin/../lib/gcc/arm-none-eabi/12.3.1/../../../../arm-none-eabi/lib/thumb/v7e-m+fp/hard\libc_nano.a(libc_a-mallocr.o)
                0x20009944                __malloc_free_list
 *(COMMON)
                0x20009948                        . = ALIGN (0x4)
                0x20009948                        _ebss = .
                0x20009948                        __bss_end__ = _ebss

._user_heap_stack
                0x20009948      0x600 load address 0x08006d8c
                0x20009948                        . = ALIGN (0x8)
                [!provide]                        PROVIDE (end = .)
                0x20009948                        PROVIDE (_end = .)
                0x20009b48                        . = (. + _Min_Heap_Size)
 *fill*         0x20009948      0x200 
                0x20009f48                        . = (. + _Min_Stack_Size)
 *fill*         0x20009b48      0x400 
                0x20009f48                        . = ALIGN (0x8)

/DISCARD/
 libc.a(*)
 libm.a(*)
 libgcc.a(*)

.ARM.attributes
                0x00000000       0x30
 *(.ARM.attributes)
 .ARM.attributes
                0x00000000       0x22 C:/ST/STM32CubeIDE_1.15.0/STM32CubeIDE/plugins/com.st.stm32cube.ide.mcu.externaltools.gnu-tools-for-stm32.12.3.rel1.win32_1.1.0.202410251130/tools/bin/../lib/gcc/arm-none-eabi/12.3.1/thumb/v7e-m+fp/hard/crti.o
 .ARM.attributes
                0x00000022       0x34 C:/ST/STM32CubeIDE_1.15.0/STM32CubeIDE/plugins/com.st.stm32cube.ide.mcu.externaltools.gnu-tools-for-stm32.12.3.rel1.win32_1.1.0.202410251130/tools/bin/../lib/gcc/arm-none-eabi/12.3.1/thumb/v7e-m+fp/hard/crtbegin.o
 .ARM.attributes
                0x00000056       0x34 ./Core/Src/dcmi.o
 .ARM.attributes
                0x0000008a       0x34 ./Core/Src/dma.o
 .ARM.attributes
                0x000000be       0x34 ./Core/Src/gpio.o
 .ARM.attributes
                0x000000f2       0x34 ./Core/Src/i2c.o
 .ARM.attributes
                0x00000126       0x34 ./Core/Src/main.o
 .ARM.attributes
                0x0000015a       0x34 ./Core/Src/ov7670.o
 .ARM.attributes
                0x0000018e       0x34 ./Core/Src/stm32f4xx_hal_msp.o
 .ARM.attributes
                0x000001c2       0x34 ./Core/Src/stm32f4xx_it.o
 .ARM.attributes
                0x000001f6       0x34 ./Core/Src/syscalls.o
 .ARM.attributes
                0x0000022a       0x34 ./Core/Src/sysmem.o
 .ARM.attributes
                0x0000025e       0x34 ./Core/Src/system_stm32f4xx.o
 .ARM.attributes
                0x00000292       0x34 ./Core/Src/usart.o
 .ARM.attributes
                0x000002c6       0x21 ./Core/Startup/startup_stm32f446retx.o
 .ARM.attributes
                0x000002e7       0x34 ./Drivers/STM32F4xx_HAL_Driver/Src/stm32f4xx_hal.o
 .ARM.attributes
                0x0000031b       0x34 ./Drivers/STM32F4xx_HAL_Driver/Src/stm32f4xx_hal_cortex.o
 .ARM.attributes
                0x0000034f       0x34 ./Drivers/STM32F4xx_HAL_Driver/Src/stm32f4xx_hal_dcmi.o
 .ARM.attributes
                0x00000383       0x34 ./Drivers/STM32F4xx_HAL_Driver/Src/stm32f4xx_hal_dcmi_ex.o
 .ARM.attributes
                0x000003b7       0x34 ./Drivers/STM32F4xx_HAL_Driver/Src/stm32f4xx_hal_dma.o
 .ARM.attributes
                0x000003eb       0x34 ./Drivers/STM32F4xx_HAL_Driver/Src/stm32f4xx_hal_dma_ex.o
 .ARM.attributes
                0x0000041f       0x34 ./Drivers/STM32F4xx_HAL_Driver/Src/stm32f4xx_hal_gpio.o
 .ARM.attributes
                0x00000453       0x34 ./Drivers/STM32F4xx_HAL_Driver/Src/stm32f4xx_hal_i2c.o
 .ARM.attributes
                0x00000487       0x34 ./Drivers/STM32F4xx_HAL_Driver/Src/stm32f4xx_hal_rcc.o
 .ARM.attributes
                0x000004bb       0x34 ./Drivers/STM32F4xx_HAL_Driver/Src/stm32f4xx_hal_rcc_ex.o
 .ARM.attributes
                0x000004ef       0x34 ./Drivers/STM32F4xx_HAL_Driver/Src/stm32f4xx_hal_uart.o
 .ARM.attributes
                0x00000523       0x34 C:/ST/STM32CubeIDE_1.15.0/STM32CubeIDE/plugins/com.st.stm32cube.ide.mcu.externaltools.gnu-tools-for-stm32.12.3.rel1.win32_1.1.0.202410251130/tools/bin/../lib/gcc/arm-none-eabi/12.3.1/../../../../arm-none-eabi/lib/thumb/v7e-m+fp/hard\libc_nano.a(libc_a-findfp.o)
 .ARM.attributes
                0x00000557       0x34 C:/ST/STM32CubeIDE_1.15.0/STM32CubeIDE/plugins/com.st.stm32cube.ide.mcu.externaltools.gnu-tools-for-stm32.12.3.rel1.win32_1.1.0.202410251130/tools/bin/../lib/gcc/arm-none-eabi/12.3.1/../../../../arm-none-eabi/lib/thumb/v7e-m+fp/hard\libc_nano.a(libc_a-fwalk.o)
 .ARM.attributes
                0x0000058b       0x34 C:/ST/STM32CubeIDE_1.15.0/STM32CubeIDE/plugins/com.st.stm32cube.ide.mcu.externaltools.gnu-tools-for-stm32.12.3.rel1.win32_1.1.0.202410251130/tools/bin/../lib/gcc/arm-none-eabi/12.3.1/../../../../arm-none-eabi/lib/thumb/v7e-m+fp/hard\libc_nano.a(libc_a-printf.o)
 .ARM.attributes
                0x000005bf       0x34 C:/ST/STM32CubeIDE_1.15.0/STM32CubeIDE/plugins/com.st.stm32cube.ide.mcu.externaltools.gnu-tools-for-stm32.12.3.rel1.win32_1.1.0.202410251130/tools/bin/../lib/gcc/arm-none-eabi/12.3.1/../../../../arm-none-eabi/lib/thumb/v7e-m+fp/hard\libc_nano.a(libc_a-stdio.o)
 .ARM.attributes
                0x000005f3       0x34 C:/ST/STM32CubeIDE_1.15.0/STM32CubeIDE/plugins/com.st.stm32cube.ide.mcu.externaltools.gnu-tools-for-stm32.12.3.rel1.win32_1.1.0.202410251130/tools/bin/../lib/gcc/arm-none-eabi/12.3.1/../../../../arm-none-eabi/lib/thumb/v7e-m+fp/hard\libc_nano.a(libc_a-memset.o)
 .ARM.attributes
                0x00000627       0x34 C:/ST/STM32CubeIDE_1.15.0/STM32CubeIDE/plugins/com.st.stm32cube.ide.mcu.externaltools.gnu-tools-for-stm32.12.3.rel1.win32_1.1.0.202410251130/tools/bin/../lib/gcc/arm-none-eabi/12.3.1/../../../../arm-none-eabi/lib/thumb/v7e-m+fp/hard\libc_nano.a(libc_a-closer.o)
 .ARM.attributes
                0x0000065b       0x34 C:/ST/STM32CubeIDE_1.15.0/STM32CubeIDE/plugins/com.st.stm32cube.ide.mcu.externaltools.gnu-tools-for-stm32.12.3.rel1.win32_1.1.0.202410251130/tools/bin/../lib/gcc/arm-none-eabi/12.3.1/../../../../arm-none-eabi/lib/thumb/v7e-m+fp/hard\libc_nano.a(libc_a-reent.o)
 .ARM.attributes
                0x0000068f       0x34 C:/ST/STM32CubeIDE_1.15.0/STM32CubeIDE/plugins/com.st.stm32cube.ide.mcu.externaltools.gnu-tools-for-stm32.12.3.rel1.win32_1.1.0.202410251130/tools/bin/../lib/gcc/arm-none-eabi/12.3.1/../../../../arm-none-eabi/lib/thumb/v7e-m+fp/hard\libc_nano.a(libc_a-impure.o)
 .ARM.attributes
                0x000006c3       0x34 C:/ST/STM32CubeIDE_1.15.0/STM32CubeIDE/plugins/com.st.stm32cube.ide.mcu.externaltools.gnu-tools-for-stm32.12.3.rel1.win32_1.1.0.202410251130/tools/bin/../lib/gcc/arm-none-eabi/12.3.1/../../../../arm-none-eabi/lib/thumb/v7e-m+fp/hard\libc_nano.a(libc_a-lseekr.o)
 .ARM.attributes
                0x000006f7       0x34 C:/ST/STM32CubeIDE_1.15.0/STM32CubeIDE/plugins/com.st.stm32cube.ide.mcu.externaltools.gnu-tools-for-stm32.12.3.rel1.win32_1.1.0.202410251130/tools/bin/../lib/gcc/arm-none-eabi/12.3.1/../../../../arm-none-eabi/lib/thumb/v7e-m+fp/hard\libc_nano.a(libc_a-readr.o)
 .ARM.attributes
                0x0000072b       0x34 C:/ST/STM32CubeIDE_1.15.0/STM32CubeIDE/plugins/com.st.stm32cube.ide.mcu.externaltools.gnu-tools-for-stm32.12.3.rel1.win32_1.1.0.202410251130/tools/bin/../lib/gcc/arm-none-eabi/12.3.1/../../../../arm-none-eabi/lib/thumb/v7e-m+fp/hard\libc_nano.a(libc_a-writer.o)
 .ARM.attributes
                0x0000075f       0x34 C:/ST/STM32CubeIDE_1.15.0/STM32CubeIDE/plugins/com.st.stm32cube.ide.mcu.externaltools.gnu-tools-for-stm32.12.3.rel1.win32_1.1.0.202410251130/tools/bin/../lib/gcc/arm-none-eabi/12.3.1/../../../../arm-none-eabi/lib/thumb/v7e-m+fp/hard\libc_nano.a(libc_a-errno.o)
 .ARM.attributes
                0x00000793       0x34 C:/ST/STM32CubeIDE_1.15.0/STM32CubeIDE/plugins/com.st.stm32cube.ide.mcu.externaltools.gnu-tools-for-stm32.12.3.rel1.win32_1.1.0.202410251130/tools/bin/../lib/gcc/arm-none-eabi/12.3.1/../../../../arm-none-eabi/lib/thumb/v7e-m+fp/hard\libc_nano.a(libc_a-init.o)
 .ARM.attributes
                0x000007c7       0x34 C:/ST/STM32CubeIDE_1.15.0/STM32CubeIDE/plugins/com.st.stm32cube.ide.mcu.externaltools.gnu-tools-for-stm32.12.3.rel1.win32_1.1.0.202410251130/tools/bin/../lib/gcc/arm-none-eabi/12.3.1/../../../../arm-none-eabi/lib/thumb/v7e-m+fp/hard\libc_nano.a(libc_a-lock.o)
 .ARM.attributes
                0x000007fb       0x34 C:/ST/STM32CubeIDE_1.15.0/STM32CubeIDE/plugins/com.st.stm32cube.ide.mcu.externaltools.gnu-tools-for-stm32.12.3.rel1.win32_1.1.0.202410251130/tools/bin/../lib/gcc/arm-none-eabi/12.3.1/../../../../arm-none-eabi/lib/thumb/v7e-m+fp/hard\libc_nano.a(libc_a-freer.o)
 .ARM.attributes
                0x0000082f       0x34 C:/ST/STM32CubeIDE_1.15.0/STM32CubeIDE/plugins/com.st.stm32cube.ide.mcu.externaltools.gnu-tools-for-stm32.12.3.rel1.win32_1.1.0.202410251130/tools/bin/../lib/gcc/arm-none-eabi/12.3.1/../../../../arm-none-eabi/lib/thumb/v7e-m+fp/hard\libc_nano.a(libc_a-mallocr.o)
 .ARM.attributes
                0x00000863       0x34 C:/ST/STM32CubeIDE_1.15.0/STM32CubeIDE/plugins/com.st.stm32cube.ide.mcu.externaltools.gnu-tools-for-stm32.12.3.rel1.win32_1.1.0.202410251130/tools/bin/../lib/gcc/arm-none-eabi/12.3.1/../../../../arm-none-eabi/lib/thumb/v7e-m+fp/hard\libc_nano.a(libc_a-mlock.o)
 .ARM.attributes
                0x00000897       0x34 C:/ST/STM32CubeIDE_1.15.0/STM32CubeIDE/plugins/com.st.stm32cube.ide.mcu.externaltools.gnu-tools-for-stm32.12.3.rel1.win32_1.1.0.202410251130/tools/bin/../lib/gcc/arm-none-eabi/12.3.1/../../../../arm-none-eabi/lib/thumb/v7e-m+fp/hard\libc_nano.a(libc_a-nano-vfprintf.o)
 .ARM.attributes
                0x000008cb       0x34 C:/ST/STM32CubeIDE_1.15.0/STM32CubeIDE/plugins/com.st.stm32cube.ide.mcu.externaltools.gnu-tools-for-stm32.12.3.rel1.win32_1.1.0.202410251130/tools/bin/../lib/gcc/arm-none-eabi/12.3.1/../../../../arm-none-eabi/lib/thumb/v7e-m+fp/hard\libc_nano.a(libc_a-nano-vfprintf_i.o)
 .ARM.attributes
                0x000008ff       0x34 C:/ST/STM32CubeIDE_1.15.0/STM32CubeIDE/plugins/com.st.stm32cube.ide.mcu.externaltools.gnu-tools-for-stm32.12.3.rel1.win32_1.1.0.202410251130/tools/bin/../lib/gcc/arm-none-eabi/12.3.1/../../../../arm-none-eabi/lib/thumb/v7e-m+fp/hard\libc_nano.a(libc_a-fflush.o)
 .ARM.attributes
                0x00000933       0x34 C:/ST/STM32CubeIDE_1.15.0/STM32CubeIDE/plugins/com.st.stm32cube.ide.mcu.externaltools.gnu-tools-for-stm32.12.3.rel1.win32_1.1.0.202410251130/tools/bin/../lib/gcc/arm-none-eabi/12.3.1/../../../../arm-none-eabi/lib/thumb/v7e-m+fp/hard\libc_nano.a(libc_a-wbuf.o)
 .ARM.attributes
                0x00000967       0x34 C:/ST/STM32CubeIDE_1.15.0/STM32CubeIDE/plugins/com.st.stm32cube.ide.mcu.externaltools.gnu-tools-for-stm32.12.3.rel1.win32_1.1.0.202410251130/tools/bin/../lib/gcc/arm-none-eabi/12.3.1/../../../../arm-none-eabi/lib/thumb/v7e-m+fp/hard\libc_nano.a(libc_a-wsetup.o)
 .ARM.attributes
                0x0000099b       0x34 C:/ST/STM32CubeIDE_1.15.0/STM32CubeIDE/plugins/com.st.stm32cube.ide.mcu.externaltools.gnu-tools-for-stm32.12.3.rel1.win32_1.1.0.202410251130/tools/bin/../lib/gcc/arm-none-eabi/12.3.1/../../../../arm-none-eabi/lib/thumb/v7e-m+fp/hard\libc_nano.a(libc_a-sbrkr.o)
 .ARM.attributes
                0x000009cf       0x1c C:/ST/STM32CubeIDE_1.15.0/STM32CubeIDE/plugins/com.st.stm32cube.ide.mcu.externaltools.gnu-tools-for-stm32.12.3.rel1.win32_1.1.0.202410251130/tools/bin/../lib/gcc/arm-none-eabi/12.3.1/../../../../arm-none-eabi/lib/thumb/v7e-m+fp/hard\libc_nano.a(libc_a-memchr.o)
 .ARM.attributes
                0x000009eb       0x34 C:/ST/STM32CubeIDE_1.15.0/STM32CubeIDE/plugins/com.st.stm32cube.ide.mcu.externaltools.gnu-tools-for-stm32.12.3.rel1.win32_1.1.0.202410251130/tools/bin/../lib/gcc/arm-none-eabi/12.3.1/../../../../arm-none-eabi/lib/thumb/v7e-m+fp/hard\libc_nano.a(libc_a-makebuf.o)
 .ARM.attributes
                0x00000a1f       0x34 C:/ST/STM32CubeIDE_1.15.0/STM32CubeIDE/plugins/com.st.stm32cube.ide.mcu.externaltools.gnu-tools-for-stm32.12.3.rel1.win32_1.1.0.202410251130/tools/bin/../lib/gcc/arm-none-eabi/12.3.1/../../../../arm-none-eabi/lib/thumb/v7e-m+fp/hard\libc_nano.a(libc_a-fstatr.o)
 .ARM.attributes
                0x00000a53       0x34 C:/ST/STM32CubeIDE_1.15.0/STM32CubeIDE/plugins/com.st.stm32cube.ide.mcu.externaltools.gnu-tools-for-stm32.12.3.rel1.win32_1.1.0.202410251130/tools/bin/../lib/gcc/arm-none-eabi/12.3.1/../../../../arm-none-eabi/lib/thumb/v7e-m+fp/hard\libc_nano.a(libc_a-isattyr.o)
 .ARM.attributes
                0x00000a87       0x22 C:/ST/STM32CubeIDE_1.15.0/STM32CubeIDE/plugins/com.st.stm32cube.ide.mcu.externaltools.gnu-tools-for-stm32.12.3.rel1.win32_1.1.0.202410251130/tools/bin/../lib/gcc/arm-none-eabi/12.3.1/thumb/v7e-m+fp/hard\libgcc.a(_aeabi_uldivmod.o)
 .ARM.attributes
                0x00000aa9       0x34 C:/ST/STM32CubeIDE_1.15.0/STM32CubeIDE/plugins/com.st.stm32cube.ide.mcu.externaltools.gnu-tools-for-stm32.12.3.rel1.win32_1.1.0.202410251130/tools/bin/../lib/gcc/arm-none-eabi/12.3.1/thumb/v7e-m+fp/hard\libgcc.a(_udivmoddi4.o)
 .ARM.attributes
                0x00000add       0x22 C:/ST/STM32CubeIDE_1.15.0/STM32CubeIDE/plugins/com.st.stm32cube.ide.mcu.externaltools.gnu-tools-for-stm32.12.3.rel1.win32_1.1.0.202410251130/tools/bin/../lib/gcc/arm-none-eabi/12.3.1/thumb/v7e-m+fp/hard\libgcc.a(_dvmd_tls.o)
 .ARM.attributes
                0x00000aff       0x22 C:/ST/STM32CubeIDE_1.15.0/STM32CubeIDE/plugins/com.st.stm32cube.ide.mcu.externaltools.gnu-tools-for-stm32.12.3.rel1.win32_1.1.0.202410251130/tools/bin/../lib/gcc/arm-none-eabi/12.3.1/thumb/v7e-m+fp/hard/crtn.o
OUTPUT(VanadisSensor.elf elf32-littlearm)
LOAD linker stubs
LOAD C:/ST/STM32CubeIDE_1.15.0/STM32CubeIDE/plugins/com.st.stm32cube.ide.mcu.externaltools.gnu-tools-for-stm32.12.3.rel1.win32_1.1.0.202410251130/tools/bin/../lib/gcc/arm-none-eabi/12.3.1/../../../../arm-none-eabi/lib/thumb/v7e-m+fp/hard\libc.a
LOAD C:/ST/STM32CubeIDE_1.15.0/STM32CubeIDE/plugins/com.st.stm32cube.ide.mcu.externaltools.gnu-tools-for-stm32.12.3.rel1.win32_1.1.0.202410251130/tools/bin/../lib/gcc/arm-none-eabi/12.3.1/../../../../arm-none-eabi/lib/thumb/v7e-m+fp/hard\libm.a
LOAD C:/ST/STM32CubeIDE_1.15.0/STM32CubeIDE/plugins/com.st.stm32cube.ide.mcu.externaltools.gnu-tools-for-stm32.12.3.rel1.win32_1.1.0.202410251130/tools/bin/../lib/gcc/arm-none-eabi/12.3.1/thumb/v7e-m+fp/hard\libgcc.a

.debug_info     0x00000000     0xfdf9
 .debug_info    0x00000000      0xc7d ./Core/Src/dcmi.o
 .debug_info    0x00000c7d      0x4fb ./Core/Src/dma.o
 .debug_info    0x00001178      0x451 ./Core/Src/gpio.o
 .debug_info    0x000015c9      0x9c0 ./Core/Src/i2c.o
 .debug_info    0x00001f89      0xe7e ./Core/Src/main.o
 .debug_info    0x00002e07      0xd21 ./Core/Src/ov7670.o
 .debug_info    0x00003b28      0x2ac ./Core/Src/stm32f4xx_hal_msp.o
 .debug_info    0x00003dd4      0x675 ./Core/Src/stm32f4xx_it.o
 .debug_info    0x00004449      0x6a3 ./Core/Src/syscalls.o
 .debug_info    0x00004aec      0x168 ./Core/Src/sysmem.o
 .debug_info    0x00004c54      0x54a ./Core/Src/system_stm32f4xx.o
 .debug_info    0x0000519e      0x94d ./Core/Src/usart.o
 .debug_info    0x00005aeb       0x30 ./Core/Startup/startup_stm32f446retx.o
 .debug_info    0x00005b1b      0x99a ./Drivers/STM32F4xx_HAL_Driver/Src/stm32f4xx_hal.o
 .debug_info    0x000064b5      0xdaa ./Drivers/STM32F4xx_HAL_Driver/Src/stm32f4xx_hal_cortex.o
 .debug_info    0x0000725f      0xb0e ./Drivers/STM32F4xx_HAL_Driver/Src/stm32f4xx_hal_dcmi.o
 .debug_info    0x00007d6d      0x5ec ./Drivers/STM32F4xx_HAL_Driver/Src/stm32f4xx_hal_dcmi_ex.o
 .debug_info    0x00008359      0x8e7 ./Drivers/STM32F4xx_HAL_Driver/Src/stm32f4xx_hal_dma.o
 .debug_info    0x00008c40      0x4df ./Drivers/STM32F4xx_HAL_Driver/Src/stm32f4xx_hal_dma_ex.o
 .debug_info    0x0000911f      0x70b ./Drivers/STM32F4xx_HAL_Driver/Src/stm32f4xx_hal_gpio.o
 .debug_info    0x0000982a     0x2421 ./Drivers/STM32F4xx_HAL_Driver/Src/stm32f4xx_hal_i2c.o
 .debug_info    0x0000bc4b      0x8ff ./Drivers/STM32F4xx_HAL_Driver/Src/stm32f4xx_hal_rcc.o
 .debug_info    0x0000c54a      0x960 ./Drivers/STM32F4xx_HAL_Driver/Src/stm32f4xx_hal_rcc_ex.o
 .debug_info    0x0000ceaa     0x2f4f ./Drivers/STM32F4xx_HAL_Driver/Src/stm32f4xx_hal_uart.o

.debug_abbrev   0x00000000     0x2c60
 .debug_abbrev  0x00000000      0x214 ./Core/Src/dcmi.o
 .debug_abbrev  0x00000214      0x10e ./Core/Src/dma.o
 .debug_abbrev  0x00000322      0x152 ./Core/Src/gpio.o
 .debug_abbrev  0x00000474      0x1f1 ./Core/Src/i2c.o
 .debug_abbrev  0x00000665      0x285 ./Core/Src/main.o
 .debug_abbrev  0x000008ea      0x255 ./Core/Src/ov7670.o
 .debug_abbrev  0x00000b3f       0xf4 ./Core/Src/stm32f4xx_hal_msp.o
 .debug_abbrev  0x00000c33      0x170 ./Core/Src/stm32f4xx_it.o
 .debug_abbrev  0x00000da3      0x1b6 ./Core/Src/syscalls.o
 .debug_abbrev  0x00000f59       0xbc ./Core/Src/sysmem.o
 .debug_abbrev  0x00001015      0x11a ./Core/Src/system_stm32f4xx.o
 .debug_abbrev  0x0000112f      0x1f9 ./Core/Src/usart.o
 .debug_abbrev  0x00001328       0x24 ./Core/Startup/startup_stm32f446retx.o
 .debug_abbrev  0x0000134c      0x214 ./Drivers/STM32F4xx_HAL_Driver/Src/stm32f4xx_hal.o
 .debug_abbrev  0x00001560      0x31d ./Drivers/STM32F4xx_HAL_Driver/Src/stm32f4xx_hal_cortex.o
 .debug_abbrev  0x0000187d      0x247 ./Drivers/STM32F4xx_HAL_Driver/Src/stm32f4xx_hal_dcmi.o
 .debug_abbrev  0x00001ac4      0x13e ./Drivers/STM32F4xx_HAL_Driver/Src/stm32f4xx_hal_dcmi_ex.o
 .debug_abbrev  0x00001c02      0x264 ./Drivers/STM32F4xx_HAL_Driver/Src/stm32f4xx_hal_dma.o
 .debug_abbrev  0x00001e66      0x1a3 ./Drivers/STM32F4xx_HAL_Driver/Src/stm32f4xx_hal_dma_ex.o
 .debug_abbrev  0x00002009      0x1d4 ./Drivers/STM32F4xx_HAL_Driver/Src/stm32f4xx_hal_gpio.o
 .debug_abbrev  0x000021dd      0x2ad ./Drivers/STM32F4xx_HAL_Driver/Src/stm32f4xx_hal_i2c.o
 .debug_abbrev  0x0000248a      0x2b7 ./Drivers/STM32F4xx_HAL_Driver/Src/stm32f4xx_hal_rcc.o
 .debug_abbrev  0x00002741      0x211 ./Drivers/STM32F4xx_HAL_Driver/Src/stm32f4xx_hal_rcc_ex.o
 .debug_abbrev  0x00002952      0x30e ./Drivers/STM32F4xx_HAL_Driver/Src/stm32f4xx_hal_uart.o

.debug_aranges  0x00000000      0xcd8
 .debug_aranges
                0x00000000       0x30 ./Core/Src/dcmi.o
 .debug_aranges
                0x00000030       0x20 ./Core/Src/dma.o
 .debug_aranges
                0x00000050       0x20 ./Core/Src/gpio.o
 .debug_aranges
                0x00000070       0x30 ./Core/Src/i2c.o
 .debug_aranges
                0x000000a0       0x30 ./Core/Src/main.o
 .debug_aranges
                0x000000d0       0x60 ./Core/Src/ov7670.o
 .debug_aranges
                0x00000130       0x20 ./Core/Src/stm32f4xx_hal_msp.o
 .debug_aranges
                0x00000150       0x70 ./Core/Src/stm32f4xx_it.o
 .debug_aranges
                0x000001c0       0xa8 ./Core/Src/syscalls.o
 .debug_aranges
                0x00000268       0x20 ./Core/Src/sysmem.o
 .debug_aranges
                0x00000288       0x28 ./Core/Src/system_stm32f4xx.o
 .debug_aranges
                0x000002b0       0x30 ./Core/Src/usart.o
 .debug_aranges
                0x000002e0       0x28 ./Core/Startup/startup_stm32f446retx.o
 .debug_aranges
                0x00000308       0xf0 ./Drivers/STM32F4xx_HAL_Driver/Src/stm32f4xx_hal.o
 .debug_aranges
                0x000003f8      0x130 ./Drivers/STM32F4xx_HAL_Driver/Src/stm32f4xx_hal_cortex.o
 .debug_aranges
                0x00000528       0xc0 ./Drivers/STM32F4xx_HAL_Driver/Src/stm32f4xx_hal_dcmi.o
 .debug_aranges
                0x000005e8       0x20 ./Drivers/STM32F4xx_HAL_Driver/Src/stm32f4xx_hal_dcmi_ex.o
 .debug_aranges
                0x00000608       0x90 ./Drivers/STM32F4xx_HAL_Driver/Src/stm32f4xx_hal_dma.o
 .debug_aranges
                0x00000698       0x38 ./Drivers/STM32F4xx_HAL_Driver/Src/stm32f4xx_hal_dma_ex.o
 .debug_aranges
                0x000006d0       0x58 ./Drivers/STM32F4xx_HAL_Driver/Src/stm32f4xx_hal_gpio.o
 .debug_aranges
                0x00000728      0x2a8 ./Drivers/STM32F4xx_HAL_Driver/Src/stm32f4xx_hal_i2c.o
 .debug_aranges
                0x000009d0       0x88 ./Drivers/STM32F4xx_HAL_Driver/Src/stm32f4xx_hal_rcc.o
 .debug_aranges
                0x00000a58       0x78 ./Drivers/STM32F4xx_HAL_Driver/Src/stm32f4xx_hal_rcc_ex.o
 .debug_aranges
                0x00000ad0      0x208 ./Drivers/STM32F4xx_HAL_Driver/Src/stm32f4xx_hal_uart.o

.debug_rnglists
                0x00000000      0x9d3
 .debug_rnglists
                0x00000000       0x20 ./Core/Src/dcmi.o
 .debug_rnglists
                0x00000020       0x13 ./Core/Src/dma.o
 .debug_rnglists
                0x00000033       0x14 ./Core/Src/gpio.o
 .debug_rnglists
                0x00000047       0x20 ./Core/Src/i2c.o
 .debug_rnglists
                0x00000067       0x21 ./Core/Src/main.o
 .debug_rnglists
                0x00000088       0x44 ./Core/Src/ov7670.o
 .debug_rnglists
                0x000000cc       0x13 ./Core/Src/stm32f4xx_hal_msp.o
 .debug_rnglists
                0x000000df       0x4f ./Core/Src/stm32f4xx_it.o
 .debug_rnglists
                0x0000012e       0x79 ./Core/Src/syscalls.o
 .debug_rnglists
                0x000001a7       0x13 ./Core/Src/sysmem.o
 .debug_rnglists
                0x000001ba       0x1a ./Core/Src/system_stm32f4xx.o
 .debug_rnglists
                0x000001d4       0x20 ./Core/Src/usart.o
 .debug_rnglists
                0x000001f4       0x19 ./Core/Startup/startup_stm32f446retx.o
 .debug_rnglists
                0x0000020d       0xaf ./Drivers/STM32F4xx_HAL_Driver/Src/stm32f4xx_hal.o
 .debug_rnglists
                0x000002bc       0xe0 ./Drivers/STM32F4xx_HAL_Driver/Src/stm32f4xx_hal_cortex.o
 .debug_rnglists
                0x0000039c       0x91 ./Drivers/STM32F4xx_HAL_Driver/Src/stm32f4xx_hal_dcmi.o
 .debug_rnglists
                0x0000042d       0x14 ./Drivers/STM32F4xx_HAL_Driver/Src/stm32f4xx_hal_dcmi_ex.o
 .debug_rnglists
                0x00000441       0x70 ./Drivers/STM32F4xx_HAL_Driver/Src/stm32f4xx_hal_dma.o
 .debug_rnglists
                0x000004b1       0x27 ./Drivers/STM32F4xx_HAL_Driver/Src/stm32f4xx_hal_dma_ex.o
 .debug_rnglists
                0x000004d8       0x3f ./Drivers/STM32F4xx_HAL_Driver/Src/stm32f4xx_hal_gpio.o
 .debug_rnglists
                0x00000517      0x23c ./Drivers/STM32F4xx_HAL_Driver/Src/stm32f4xx_hal_i2c.o
 .debug_rnglists
                0x00000753       0x66 ./Drivers/STM32F4xx_HAL_Driver/Src/stm32f4xx_hal_rcc.o
 .debug_rnglists
                0x000007b9       0x5e ./Drivers/STM32F4xx_HAL_Driver/Src/stm32f4xx_hal_rcc_ex.o
 .debug_rnglists
                0x00000817      0x1bc ./Drivers/STM32F4xx_HAL_Driver/Src/stm32f4xx_hal_uart.o

.debug_macro    0x00000000    0x23b91
 .debug_macro   0x00000000      0x205 ./Core/Src/dcmi.o
 .debug_macro   0x00000205      0xab4 ./Core/Src/dcmi.o
 .debug_macro   0x00000cb9      0x2a1 ./Core/Src/dcmi.o
 .debug_macro   0x00000f5a       0x2e ./Core/Src/dcmi.o
 .debug_macro   0x00000f88       0x28 ./Core/Src/dcmi.o
 .debug_macro   0x00000fb0       0x22 ./Core/Src/dcmi.o
 .debug_macro   0x00000fd2       0x8e ./Core/Src/dcmi.o
 .debug_macro   0x00001060       0x51 ./Core/Src/dcmi.o
 .debug_macro   0x000010b1      0x103 ./Core/Src/dcmi.o
 .debug_macro   0x000011b4       0x6a ./Core/Src/dcmi.o
 .debug_macro   0x0000121e      0x1df ./Core/Src/dcmi.o
 .debug_macro   0x000013fd       0x1c ./Core/Src/dcmi.o
 .debug_macro   0x00001419       0x22 ./Core/Src/dcmi.o
 .debug_macro   0x0000143b       0xfb ./Core/Src/dcmi.o
 .debug_macro   0x00001536     0x1011 ./Core/Src/dcmi.o
 .debug_macro   0x00002547      0x11f ./Core/Src/dcmi.o
 .debug_macro   0x00002666    0x1675e ./Core/Src/dcmi.o
 .debug_macro   0x00018dc4       0x6d ./Core/Src/dcmi.o
 .debug_macro   0x00018e31     0x3693 ./Core/Src/dcmi.o
 .debug_macro   0x0001c4c4      0x189 ./Core/Src/dcmi.o
 .debug_macro   0x0001c64d       0x5c ./Core/Src/dcmi.o
 .debug_macro   0x0001c6a9      0xca5 ./Core/Src/dcmi.o
 .debug_macro   0x0001d34e      0x9e9 ./Core/Src/dcmi.o
 .debug_macro   0x0001dd37      0x115 ./Core/Src/dcmi.o
 .debug_macro   0x0001de4c      0x1a0 ./Core/Src/dcmi.o
 .debug_macro   0x0001dfec       0xa5 ./Core/Src/dcmi.o
 .debug_macro   0x0001e091      0x16d ./Core/Src/dcmi.o
 .debug_macro   0x0001e1fe      0x287 ./Core/Src/dcmi.o
 .debug_macro   0x0001e485       0x5f ./Core/Src/dcmi.o
 .debug_macro   0x0001e4e4      0x236 ./Core/Src/dcmi.o
 .debug_macro   0x0001e71a       0x7b ./Core/Src/dcmi.o
 .debug_macro   0x0001e795      0x1d2 ./Core/Src/dcmi.o
 .debug_macro   0x0001e967      0x132 ./Core/Src/dcmi.o
 .debug_macro   0x0001ea99      0x29c ./Core/Src/dcmi.o
 .debug_macro   0x0001ed35       0x2e ./Core/Src/dcmi.o
 .debug_macro   0x0001ed63      0x1b5 ./Core/Src/dcmi.o
 .debug_macro   0x0001ef18       0x22 ./Core/Src/dcmi.o
 .debug_macro   0x0001ef3a       0xd6 ./Core/Src/dcmi.o
 .debug_macro   0x0001f010      0x127 ./Core/Src/dcmi.o
 .debug_macro   0x0001f137       0xe8 ./Core/Src/dcmi.o
 .debug_macro   0x0001f21f       0x89 ./Core/Src/dcmi.o
 .debug_macro   0x0001f2a8      0x2aa ./Core/Src/dcmi.o
 .debug_macro   0x0001f552      0x126 ./Core/Src/dcmi.o
 .debug_macro   0x0001f678       0x64 ./Core/Src/dcmi.o
 .debug_macro   0x0001f6dc      0x205 ./Core/Src/dma.o
 .debug_macro   0x0001f8e1      0x205 ./Core/Src/gpio.o
 .debug_macro   0x0001fae6      0x205 ./Core/Src/i2c.o
 .debug_macro   0x0001fceb      0x249 ./Core/Src/main.o
 .debug_macro   0x0001ff34       0x46 ./Core/Src/main.o
 .debug_macro   0x0001ff7a       0x22 ./Core/Src/main.o
 .debug_macro   0x0001ff9c      0x2fd ./Core/Src/ov7670.o
 .debug_macro   0x00020299       0x5b ./Core/Src/ov7670.o
 .debug_macro   0x000202f4       0x2a ./Core/Src/ov7670.o
 .debug_macro   0x0002031e       0x94 ./Core/Src/ov7670.o
 .debug_macro   0x000203b2       0x43 ./Core/Src/ov7670.o
 .debug_macro   0x000203f5       0x34 ./Core/Src/ov7670.o
 .debug_macro   0x00020429       0x16 ./Core/Src/ov7670.o
 .debug_macro   0x0002043f       0x57 ./Core/Src/ov7670.o
 .debug_macro   0x00020496       0x9e ./Core/Src/ov7670.o
 .debug_macro   0x00020534      0x369 ./Core/Src/ov7670.o
 .debug_macro   0x0002089d      0x10b ./Core/Src/ov7670.o
 .debug_macro   0x000209a8       0x10 ./Core/Src/ov7670.o
 .debug_macro   0x000209b8       0x16 ./Core/Src/ov7670.o
 .debug_macro   0x000209ce       0x43 ./Core/Src/ov7670.o
 .debug_macro   0x00020a11       0x34 ./Core/Src/ov7670.o
 .debug_macro   0x00020a45       0x10 ./Core/Src/ov7670.o
 .debug_macro   0x00020a55       0x58 ./Core/Src/ov7670.o
 .debug_macro   0x00020aad       0x8e ./Core/Src/ov7670.o
 .debug_macro   0x00020b3b       0x1c ./Core/Src/ov7670.o
 .debug_macro   0x00020b57      0x177 ./Core/Src/ov7670.o
 .debug_macro   0x00020cce       0x16 ./Core/Src/ov7670.o
 .debug_macro   0x00020ce4       0x16 ./Core/Src/ov7670.o
 .debug_macro   0x00020cfa      0x146 ./Core/Src/ov7670.o
 .debug_macro   0x00020e40       0x56 ./Core/Src/ov7670.o
 .debug_macro   0x00020e96       0x10 ./Core/Src/ov7670.o
 .debug_macro   0x00020ea6       0x10 ./Core/Src/ov7670.o
 .debug_macro   0x00020eb6      0x1fb ./Core/Src/stm32f4xx_hal_msp.o
 .debug_macro   0x000210b1      0x205 ./Core/Src/stm32f4xx_it.o
 .debug_macro   0x000212b6      0x274 ./Core/Src/syscalls.o
 .debug_macro   0x0002152a       0x10 ./Core/Src/syscalls.o
 .debug_macro   0x0002153a       0x35 ./Core/Src/syscalls.o
 .debug_macro   0x0002156f       0x10 ./Core/Src/syscalls.o
 .debug_macro   0x0002157f       0x10 ./Core/Src/syscalls.o
 .debug_macro   0x0002158f       0x10 ./Core/Src/syscalls.o
 .debug_macro   0x0002159f       0x1c ./Core/Src/syscalls.o
 .debug_macro   0x000215bb       0x52 ./Core/Src/syscalls.o
 .debug_macro   0x0002160d       0x22 ./Core/Src/syscalls.o
 .debug_macro   0x0002162f       0x10 ./Core/Src/syscalls.o
 .debug_macro   0x0002163f       0x52 ./Core/Src/syscalls.o
 .debug_macro   0x00021691       0xcf ./Core/Src/syscalls.o
 .debug_macro   0x00021760       0x1c ./Core/Src/syscalls.o
 .debug_macro   0x0002177c       0x3d ./Core/Src/syscalls.o
 .debug_macro   0x000217b9       0x35 ./Core/Src/syscalls.o
 .debug_macro   0x000217ee      0x12c ./Core/Src/syscalls.o
 .debug_macro   0x0002191a       0x16 ./Core/Src/syscalls.o
 .debug_macro   0x00021930       0x16 ./Core/Src/syscalls.o
 .debug_macro   0x00021946       0x29 ./Core/Src/syscalls.o
 .debug_macro   0x0002196f       0x10 ./Core/Src/syscalls.o
 .debug_macro   0x0002197f      0x242 ./Core/Src/syscalls.o
 .debug_macro   0x00021bc1       0x1c ./Core/Src/syscalls.o
 .debug_macro   0x00021bdd       0x10 ./Core/Src/syscalls.o
 .debug_macro   0x00021bed      0x18a ./Core/Src/syscalls.o
 .debug_macro   0x00021d77       0x16 ./Core/Src/syscalls.o
 .debug_macro   0x00021d8d       0xce ./Core/Src/syscalls.o
 .debug_macro   0x00021e5b       0xff ./Core/Src/sysmem.o
 .debug_macro   0x00021f5a      0x23c ./Core/Src/sysmem.o
 .debug_macro   0x00022196      0x1ec ./Core/Src/system_stm32f4xx.o
 .debug_macro   0x00022382      0x205 ./Core/Src/usart.o
 .debug_macro   0x00022587      0x24c ./Drivers/STM32F4xx_HAL_Driver/Src/stm32f4xx_hal.o
 .debug_macro   0x000227d3      0x1ec ./Drivers/STM32F4xx_HAL_Driver/Src/stm32f4xx_hal_cortex.o
 .debug_macro   0x000229bf      0x1f3 ./Drivers/STM32F4xx_HAL_Driver/Src/stm32f4xx_hal_dcmi.o
 .debug_macro   0x00022bb2      0x1ec ./Drivers/STM32F4xx_HAL_Driver/Src/stm32f4xx_hal_dcmi_ex.o
 .debug_macro   0x00022d9e      0x1f2 ./Drivers/STM32F4xx_HAL_Driver/Src/stm32f4xx_hal_dma.o
 .debug_macro   0x00022f90      0x1ec ./Drivers/STM32F4xx_HAL_Driver/Src/stm32f4xx_hal_dma_ex.o
 .debug_macro   0x0002317c      0x1f2 ./Drivers/STM32F4xx_HAL_Driver/Src/stm32f4xx_hal_gpio.o
 .debug_macro   0x0002336e      0x23a ./Drivers/STM32F4xx_HAL_Driver/Src/stm32f4xx_hal_i2c.o
 .debug_macro   0x000235a8      0x210 ./Drivers/STM32F4xx_HAL_Driver/Src/stm32f4xx_hal_rcc.o
 .debug_macro   0x000237b8      0x1ec ./Drivers/STM32F4xx_HAL_Driver/Src/stm32f4xx_hal_rcc_ex.o
 .debug_macro   0x000239a4      0x1ed ./Drivers/STM32F4xx_HAL_Driver/Src/stm32f4xx_hal_uart.o

.debug_line     0x00000000    0x145f5
 .debug_line    0x00000000      0x83b ./Core/Src/dcmi.o
 .debug_line    0x0000083b      0x775 ./Core/Src/dma.o
 .debug_line    0x00000fb0      0x7b1 ./Core/Src/gpio.o
 .debug_line    0x00001761      0x7f4 ./Core/Src/i2c.o
 .debug_line    0x00001f55      0x862 ./Core/Src/main.o
 .debug_line    0x000027b7      0xa46 ./Core/Src/ov7670.o
 .debug_line    0x000031fd      0x77a ./Core/Src/stm32f4xx_hal_msp.o
 .debug_line    0x00003977      0x86c ./Core/Src/stm32f4xx_it.o
 .debug_line    0x000041e3      0x8a8 ./Core/Src/syscalls.o
 .debug_line    0x00004a8b      0x579 ./Core/Src/sysmem.o
 .debug_line    0x00005004      0x7ef ./Core/Src/system_stm32f4xx.o
 .debug_line    0x000057f3      0x7e3 ./Core/Src/usart.o
 .debug_line    0x00005fd6       0x7a ./Core/Startup/startup_stm32f446retx.o
 .debug_line    0x00006050      0xa67 ./Drivers/STM32F4xx_HAL_Driver/Src/stm32f4xx_hal.o
 .debug_line    0x00006ab7      0xd59 ./Drivers/STM32F4xx_HAL_Driver/Src/stm32f4xx_hal_cortex.o
 .debug_line    0x00007810      0xe87 ./Drivers/STM32F4xx_HAL_Driver/Src/stm32f4xx_hal_dcmi.o
 .debug_line    0x00008697      0x836 ./Drivers/STM32F4xx_HAL_Driver/Src/stm32f4xx_hal_dcmi_ex.o
 .debug_line    0x00008ecd      0xfd7 ./Drivers/STM32F4xx_HAL_Driver/Src/stm32f4xx_hal_dma.o
 .debug_line    0x00009ea4     0x13f4 ./Drivers/STM32F4xx_HAL_Driver/Src/stm32f4xx_hal_dma_ex.o
 .debug_line    0x0000b298      0xbdf ./Drivers/STM32F4xx_HAL_Driver/Src/stm32f4xx_hal_gpio.o
 .debug_line    0x0000be77     0x3ba8 ./Drivers/STM32F4xx_HAL_Driver/Src/stm32f4xx_hal_i2c.o
 .debug_line    0x0000fa1f      0xdfe ./Drivers/STM32F4xx_HAL_Driver/Src/stm32f4xx_hal_rcc.o
 .debug_line    0x0001081d     0x146e ./Drivers/STM32F4xx_HAL_Driver/Src/stm32f4xx_hal_rcc_ex.o
 .debug_line    0x00011c8b     0x296a ./Drivers/STM32F4xx_HAL_Driver/Src/stm32f4xx_hal_uart.o

.debug_str      0x00000000    0xce9ea
 .debug_str     0x00000000    0xc5e32 ./Core/Src/dcmi.o
                              0xc6170 (size before relaxing)
 .debug_str     0x000c5e32       0x29 ./Core/Src/dma.o
                              0xc5b8c (size before relaxing)
 .debug_str     0x000c5e5b       0x68 ./Core/Src/gpio.o
                              0xc570b (size before relaxing)
 .debug_str     0x000c5ec3      0x2c5 ./Core/Src/i2c.o
                              0xc5c2d (size before relaxing)
 .debug_str     0x000c6188      0x38d ./Core/Src/main.o
                              0xc61bf (size before relaxing)
 .debug_str     0x000c6515     0x38fa ./Core/Src/ov7670.o
                              0xc976a (size before relaxing)
 .debug_str     0x000c9e0f       0x49 ./Core/Src/stm32f4xx_hal_msp.o
                              0xc564b (size before relaxing)
 .debug_str     0x000c9e58      0x108 ./Core/Src/stm32f4xx_it.o
                              0xc5a86 (size before relaxing)
 .debug_str     0x000c9f60     0x20b0 ./Core/Src/syscalls.o
                               0x98df (size before relaxing)
 .debug_str     0x000cc010       0x6b ./Core/Src/sysmem.o
                               0x60f7 (size before relaxing)
 .debug_str     0x000cc07b       0xdb ./Core/Src/system_stm32f4xx.o
                              0xc557e (size before relaxing)
 .debug_str     0x000cc156      0x228 ./Core/Src/usart.o
                              0xc5bb6 (size before relaxing)
 .debug_str     0x000cc37e       0x44 ./Core/Startup/startup_stm32f446retx.o
                                 0xaa (size before relaxing)
 .debug_str     0x000cc3c2      0x5eb ./Drivers/STM32F4xx_HAL_Driver/Src/stm32f4xx_hal.o
                              0xc6143 (size before relaxing)
 .debug_str     0x000cc9ad      0x36b ./Drivers/STM32F4xx_HAL_Driver/Src/stm32f4xx_hal_cortex.o
                              0xc5e9a (size before relaxing)
 .debug_str     0x000ccd18      0x224 ./Drivers/STM32F4xx_HAL_Driver/Src/stm32f4xx_hal_dcmi.o
                              0xc5b6c (size before relaxing)
 .debug_str     0x000ccf3c       0x3c ./Drivers/STM32F4xx_HAL_Driver/Src/stm32f4xx_hal_dcmi_ex.o
                              0xc588d (size before relaxing)
 .debug_str     0x000ccf78      0x2b9 ./Drivers/STM32F4xx_HAL_Driver/Src/stm32f4xx_hal_dma.o
                              0xc5973 (size before relaxing)
 .debug_str     0x000cd231       0x98 ./Drivers/STM32F4xx_HAL_Driver/Src/stm32f4xx_hal_dma_ex.o
                              0xc572d (size before relaxing)
 .debug_str     0x000cd2c9      0x121 ./Drivers/STM32F4xx_HAL_Driver/Src/stm32f4xx_hal_gpio.o
                              0xc56f9 (size before relaxing)
 .debug_str     0x000cd3ea      0xac7 ./Drivers/STM32F4xx_HAL_Driver/Src/stm32f4xx_hal_i2c.o
                              0xc657c (size before relaxing)
 .debug_str     0x000cdeb1      0x201 ./Drivers/STM32F4xx_HAL_Driver/Src/stm32f4xx_hal_rcc.o
                              0xc59b7 (size before relaxing)
 .debug_str     0x000ce0b2      0x324 ./Drivers/STM32F4xx_HAL_Driver/Src/stm32f4xx_hal_rcc_ex.o
                              0xc59ea (size before relaxing)
 .debug_str     0x000ce3d6      0x614 ./Drivers/STM32F4xx_HAL_Driver/Src/stm32f4xx_hal_uart.o
                              0xc5f6e (size before relaxing)

.comment        0x00000000       0x43
 .comment       0x00000000       0x43 ./Core/Src/dcmi.o
                                 0x44 (size before relaxing)
 .comment       0x00000043       0x44 ./Core/Src/dma.o
 .comment       0x00000043       0x44 ./Core/Src/gpio.o
 .comment       0x00000043       0x44 ./Core/Src/i2c.o
 .comment       0x00000043       0x44 ./Core/Src/main.o
 .comment       0x00000043       0x44 ./Core/Src/ov7670.o
 .comment       0x00000043       0x44 ./Core/Src/stm32f4xx_hal_msp.o
 .comment       0x00000043       0x44 ./Core/Src/stm32f4xx_it.o
 .comment       0x00000043       0x44 ./Core/Src/syscalls.o
 .comment       0x00000043       0x44 ./Core/Src/sysmem.o
 .comment       0x00000043       0x44 ./Core/Src/system_stm32f4xx.o
 .comment       0x00000043       0x44 ./Core/Src/usart.o
 .comment       0x00000043       0x44 ./Drivers/STM32F4xx_HAL_Driver/Src/stm32f4xx_hal.o
 .comment       0x00000043       0x44 ./Drivers/STM32F4xx_HAL_Driver/Src/stm32f4xx_hal_cortex.o
 .comment       0x00000043       0x44 ./Drivers/STM32F4xx_HAL_Driver/Src/stm32f4xx_hal_dcmi.o
 .comment       0x00000043       0x44 ./Drivers/STM32F4xx_HAL_Driver/Src/stm32f4xx_hal_dcmi_ex.o
 .comment       0x00000043       0x44 ./Drivers/STM32F4xx_HAL_Driver/Src/stm32f4xx_hal_dma.o
 .comment       0x00000043       0x44 ./Drivers/STM32F4xx_HAL_Driver/Src/stm32f4xx_hal_dma_ex.o
 .comment       0x00000043       0x44 ./Drivers/STM32F4xx_HAL_Driver/Src/stm32f4xx_hal_gpio.o
 .comment       0x00000043       0x44 ./Drivers/STM32F4xx_HAL_Driver/Src/stm32f4xx_hal_i2c.o
 .comment       0x00000043       0x44 ./Drivers/STM32F4xx_HAL_Driver/Src/stm32f4xx_hal_rcc.o
 .comment       0x00000043       0x44 ./Drivers/STM32F4xx_HAL_Driver/Src/stm32f4xx_hal_rcc_ex.o
 .comment       0x00000043       0x44 ./Drivers/STM32F4xx_HAL_Driver/Src/stm32f4xx_hal_uart.o

.debug_frame    0x00000000     0x3a48
 .debug_frame   0x00000000       0x74 ./Core/Src/dcmi.o
 .debug_frame   0x00000074       0x34 ./Core/Src/dma.o
 .debug_frame   0x000000a8       0x34 ./Core/Src/gpio.o
 .debug_frame   0x000000dc       0x74 ./Core/Src/i2c.o
 .debug_frame   0x00000150       0x68 ./Core/Src/main.o
 .debug_frame   0x000001b8      0x154 ./Core/Src/ov7670.o
 .debug_frame   0x0000030c       0x34 ./Core/Src/stm32f4xx_hal_msp.o
 .debug_frame   0x00000340      0x13c ./Core/Src/stm32f4xx_it.o
 .debug_frame   0x0000047c      0x2ac ./Core/Src/syscalls.o
 .debug_frame   0x00000728       0x34 ./Core/Src/sysmem.o
 .debug_frame   0x0000075c       0x58 ./Core/Src/system_stm32f4xx.o
 .debug_frame   0x000007b4       0x74 ./Core/Src/usart.o
 .debug_frame   0x00000828      0x374 ./Drivers/STM32F4xx_HAL_Driver/Src/stm32f4xx_hal.o
 .debug_frame   0x00000b9c      0x508 ./Drivers/STM32F4xx_HAL_Driver/Src/stm32f4xx_hal_cortex.o
 .debug_frame   0x000010a4      0x340 ./Drivers/STM32F4xx_HAL_Driver/Src/stm32f4xx_hal_dcmi.o
 .debug_frame   0x000013e4       0x34 ./Drivers/STM32F4xx_HAL_Driver/Src/stm32f4xx_hal_dcmi_ex.o
 .debug_frame   0x00001418      0x250 ./Drivers/STM32F4xx_HAL_Driver/Src/stm32f4xx_hal_dma.o